<html>
<body>
<pre>
<h1>µVision Build Log</h1>
<h2>Tool Versions:</h2>
IDE-Version: µVision V5.42.0.0
Copyright (C) 2025 ARM Ltd and ARM Germany GmbH. All rights reserved.
License Information: Anirudha Gaikwad, Robox, LIC=----
 
Tool Versions:
Toolchain:       MDK-Lite  Version: 5.42.0.0
Toolchain Path:  D:\Softwares\STM_Tools\Keil\ARM\ARM_Compiler_5.06u7\Bin
C Compiler:      Armcc.exe V5.06 update 7 (build 960)
Assembler:       Armasm.exe V5.06 update 7 (build 960)
Linker/Locator:  ArmLink.exe V5.06 update 7 (build 960)
Library Manager: ArmAr.exe V5.06 update 7 (build 960)
Hex Converter:   FromElf.exe V5.06 update 7 (build 960)
CPU DLL:         SARMCM3.DLL V5.42.0.0
Dialog DLL:      DCM.DLL V1.17.5.0
Target DLL:      STLink\ST-LINKIII-KEIL_SWO.dll V3.3.0.0
Dialog DLL:      TCM.DLL V1.56.6.0
 
<h2>Project:</h2>
D:\Micromouse\HSMM_v2\MDK-ARM\HSMM_v2.uvprojx
Project File Date:  06/06/2025

<h2>Output:</h2>
*** Using Compiler 'V5.06 update 7 (build 960)', folder: 'D:\Softwares\STM_Tools\Keil\ARM\ARM_Compiler_5.06u7\Bin'
Build target 'HSMM_v2'
compiling menu_router.c...
../Core/Inc/menu.h(34): warning:  #1-D: last line of file ends without a newline
  #endif
../Core/Inc/menu_router.h(8): warning:  #1-D: last line of file ends without a newline
  #endif
../Core/Inc/ssd1306.h(238): warning:  #1295-D: Deprecated declaration ssd1306_I2C_Init - give arg types
  void ssd1306_I2C_Init();
..\Core\Src\menu_router.c(82): warning:  #1-D: last line of file ends without a newline
  }
..\Core\Src\menu_router.c: 4 warnings, 0 errors
compiling main.c...
../Core/Inc/ssd1306.h(238): warning:  #1295-D: Deprecated declaration ssd1306_I2C_Init - give arg types
  void ssd1306_I2C_Init();
../Core/Inc/menu.h(34): warning:  #1-D: last line of file ends without a newline
  #endif
../Core/Src/main.c: 2 warnings, 0 errors
compiling sensor.c...
../Core/Inc/ssd1306.h(238): warning:  #1295-D: Deprecated declaration ssd1306_I2C_Init - give arg types
  void ssd1306_I2C_Init();
..\Core\Src\sensor.c(86): warning:  #1-D: last line of file ends without a newline
  }
..\Core\Src\sensor.c: 2 warnings, 0 errors
compiling init.c...
../Core/Inc/ssd1306.h(238): warning:  #1295-D: Deprecated declaration ssd1306_I2C_Init - give arg types
  void ssd1306_I2C_Init();
../Core/Inc/menu.h(34): warning:  #1-D: last line of file ends without a newline
  #endif
..\Core\Src\init.c(43): warning:  #188-D: enumerated type mixed with another type
  		HAL_GPIO_WritePin(USER_LED_GPIO_Port,USER_LED_Pin,1);
..\Core\Src\init.c: 3 warnings, 0 errors
linking...
Program Size: Code=13618 RO-data=2626 RW-data=200 ZI-data=2912  
FromELF: creating hex file...
"HSMM_v2\HSMM_v2.axf" - 0 Error(s), 11 Warning(s).

<h2>Software Packages used:</h2>

Package Vendor: ARM
                https://www.keil.com/pack/ARM.CMSIS.6.1.0.pack
                ARM::CMSIS@6.1.0
                CMSIS (Common Microcontroller Software Interface Standard)
   * Component: CORE Version: 6.1.0

Package Vendor: Keil
                https://www.keil.com/pack/Keil.STM32F4xx_DFP.3.0.0.pack
                Keil::STM32F4xx_DFP@3.0.0
                STMicroelectronics STM32F4 Series Device Support

<h2>Collection of Component include folders:</h2>
  ./RTE/_HSMM_v2
  D:/Softwares/STM_Tools/Keil/ARM/CMSIS/6.1.0/CMSIS/Core/Include

<h2>Collection of Component Files used:</h2>

   * Component: ARM::CMSIS:CORE@6.1.0
Build Time Elapsed:  00:00:05
</pre>
</body>
</html>
