Component: ARM Compiler 5.06 update 7 (build 960) Tool: armlink [4d3601]

==============================================================================

Section Cross References

    startup_stm32f407xx.o(STACK) refers (Special) to heapauxi.o(.text) for __use_two_region_memory
    startup_stm32f407xx.o(HEAP) refers (Special) to heapauxi.o(.text) for __use_two_region_memory
    startup_stm32f407xx.o(RESET) refers (Special) to heapauxi.o(.text) for __use_two_region_memory
    startup_stm32f407xx.o(RESET) refers to startup_stm32f407xx.o(STACK) for __initial_sp
    startup_stm32f407xx.o(RESET) refers to startup_stm32f407xx.o(.text) for Reset_Handler
    startup_stm32f407xx.o(RESET) refers to stm32f4xx_it.o(i.NMI_Handler) for NMI_Handler
    startup_stm32f407xx.o(RESET) refers to stm32f4xx_it.o(i.HardFault_Handler) for HardFault_Handler
    startup_stm32f407xx.o(RESET) refers to stm32f4xx_it.o(i.MemManage_Handler) for MemManage_Handler
    startup_stm32f407xx.o(RESET) refers to stm32f4xx_it.o(i.BusFault_Handler) for BusFault_Handler
    startup_stm32f407xx.o(RESET) refers to stm32f4xx_it.o(i.UsageFault_Handler) for UsageFault_Handler
    startup_stm32f407xx.o(RESET) refers to stm32f4xx_it.o(i.SVC_Handler) for SVC_Handler
    startup_stm32f407xx.o(RESET) refers to stm32f4xx_it.o(i.DebugMon_Handler) for DebugMon_Handler
    startup_stm32f407xx.o(RESET) refers to stm32f4xx_it.o(i.PendSV_Handler) for PendSV_Handler
    startup_stm32f407xx.o(RESET) refers to stm32f4xx_it.o(i.SysTick_Handler) for SysTick_Handler
    startup_stm32f407xx.o(.text) refers (Special) to heapauxi.o(.text) for __use_two_region_memory
    startup_stm32f407xx.o(.text) refers to system_stm32f4xx.o(i.SystemInit) for SystemInit
    startup_stm32f407xx.o(.text) refers to __main.o(!!!main) for __main
    startup_stm32f407xx.o(.text) refers to startup_stm32f407xx.o(HEAP) for Heap_Mem
    startup_stm32f407xx.o(.text) refers to startup_stm32f407xx.o(STACK) for Stack_Mem
    init.o(i.INIT_All) refers to ssd1306.o(i.SSD1306_Init) for SSD1306_Init
    init.o(i.INIT_All) refers to stm32f4xx_hal_gpio.o(i.HAL_GPIO_WritePin) for HAL_GPIO_WritePin
    init.o(i.INIT_All) refers to ssd1306.o(i.SSD1306_Clear) for SSD1306_Clear
    init.o(i.INIT_All) refers to ssd1306.o(i.SSD1306_GotoXY) for SSD1306_GotoXY
    init.o(i.INIT_All) refers to ssd1306.o(i.SSD1306_Puts) for SSD1306_Puts
    init.o(i.INIT_All) refers to ssd1306.o(i.SSD1306_UpdateScreen) for SSD1306_UpdateScreen
    init.o(i.INIT_All) refers to stm32f4xx_hal.o(i.HAL_Delay) for HAL_Delay
    init.o(i.INIT_All) refers to motor.o(i.Motor_Init) for Motor_Init
    init.o(i.INIT_All) refers to motor.o(i.Motor_StartPWM) for Motor_StartPWM
    init.o(i.INIT_All) refers to stm32f4xx_hal_tim.o(i.HAL_TIM_Encoder_Start) for HAL_TIM_Encoder_Start
    init.o(i.INIT_All) refers to sensor.o(i.Sensor_Init) for Sensor_Init
    init.o(i.INIT_All) refers to menu.o(i.Menu_Init) for Menu_Init
    init.o(i.INIT_All) refers to fonts.o(.data) for Font_7x10
    init.o(i.INIT_All) refers to tim.o(.bss) for htim4
    init.o(i.INIT_All) refers to init.o(.bss) for .bss
    init.o(i.INIT_All) refers to init.o(.data) for .data
    init.o(.data) refers to init.o(.conststring) for .conststring
    init.o(.data) refers to init.o(.conststring) for .conststring
    init.o(.data) refers to init.o(.data) for CalibMenu
    fonts.o(i.FONTS_GetStringSize) refers to strlen.o(.text) for strlen
    fonts.o(.data) refers to fonts.o(.constdata) for Font7x10
    fonts.o(.data) refers to fonts.o(.constdata) for Font11x18
    fonts.o(.data) refers to fonts.o(.constdata) for Font16x26
    motor.o(i.Motor_StartPWM) refers to stm32f4xx_hal_tim.o(i.HAL_TIM_PWM_Start) for HAL_TIM_PWM_Start
    motor.o(i.set_motor_speed) refers to stm32f4xx_hal_gpio.o(i.HAL_GPIO_WritePin) for HAL_GPIO_WritePin
    motor.o(i.set_motor_speed) refers to rt_memclr_w.o(.text) for __aeabi_memclr4
    motor.o(i.set_motor_speed) refers to stm32f4xx_hal_tim.o(i.HAL_TIM_PWM_ConfigChannel) for HAL_TIM_PWM_ConfigChannel
    motor.o(i.set_motor_speed) refers to stm32f4xx_hal_tim.o(i.HAL_TIM_PWM_Start) for HAL_TIM_PWM_Start
    sensor.o(i.Sensor_GetDistance) refers to sensor.o(i.Sensor_GetReadings) for Sensor_GetReadings
    sensor.o(i.Sensor_GetDistance) refers to sensorcalib.o(i.ConvertADCtoMM) for ConvertADCtoMM
    sensor.o(i.Sensor_GetReadings) refers to stm32f4xx_hal_adc.o(i.HAL_ADC_Start) for HAL_ADC_Start
    sensor.o(i.Sensor_GetReadings) refers to stm32f4xx_hal_adc.o(i.HAL_ADC_PollForConversion) for HAL_ADC_PollForConversion
    sensor.o(i.Sensor_GetReadings) refers to stm32f4xx_hal_adc.o(i.HAL_ADC_GetValue) for HAL_ADC_GetValue
    sensor.o(i.Sensor_GetReadings) refers to stm32f4xx_hal_adc.o(i.HAL_ADC_Stop) for HAL_ADC_Stop
    sensor.o(i.Sensor_GetReadings) refers to tim.o(.bss) for htim3
    sensor.o(i.Sensor_GetReadings) refers to adc.o(.bss) for hadc1
    sensor.o(i.Sensor_Init) refers to stm32f4xx_hal_tim.o(i.HAL_TIM_PWM_Start) for HAL_TIM_PWM_Start
[...]
    ..\Core\Src\stm32f4xx_it.c               0x00000000   Number         0  stm32f4xx_it.o ABSOLUTE
    ..\Core\Src\system_stm32f4xx.c           0x00000000   Number         0  system_stm32f4xx.o ABSOLUTE
    ..\Core\Src\tim.c                        0x00000000   Number         0  tim.o ABSOLUTE
    ..\Core\Src\usart.c                      0x00000000   Number         0  usart.o ABSOLUTE
    ..\Drivers\STM32F4xx_HAL_Driver\Src\stm32f4xx_hal.c 0x00000000   Number         0  stm32f4xx_hal.o ABSOLUTE
    ..\Drivers\STM32F4xx_HAL_Driver\Src\stm32f4xx_hal_adc.c 0x00000000   Number         0  stm32f4xx_hal_adc.o ABSOLUTE
    ..\Drivers\STM32F4xx_HAL_Driver\Src\stm32f4xx_hal_adc_ex.c 0x00000000   Number         0  stm32f4xx_hal_adc_ex.o ABSOLUTE
    ..\Drivers\STM32F4xx_HAL_Driver\Src\stm32f4xx_hal_cortex.c 0x00000000   Number         0  stm32f4xx_hal_cortex.o ABSOLUTE
    ..\Drivers\STM32F4xx_HAL_Driver\Src\stm32f4xx_hal_dma.c 0x00000000   Number         0  stm32f4xx_hal_dma.o ABSOLUTE
    ..\Drivers\STM32F4xx_HAL_Driver\Src\stm32f4xx_hal_dma_ex.c 0x00000000   Number         0  stm32f4xx_hal_dma_ex.o ABSOLUTE
    ..\Drivers\STM32F4xx_HAL_Driver\Src\stm32f4xx_hal_exti.c 0x00000000   Number         0  stm32f4xx_hal_exti.o ABSOLUTE
    ..\Drivers\STM32F4xx_HAL_Driver\Src\stm32f4xx_hal_flash.c 0x00000000   Number         0  stm32f4xx_hal_flash.o ABSOLUTE
    ..\Drivers\STM32F4xx_HAL_Driver\Src\stm32f4xx_hal_flash_ex.c 0x00000000   Number         0  stm32f4xx_hal_flash_ex.o ABSOLUTE
    ..\Drivers\STM32F4xx_HAL_Driver\Src\stm32f4xx_hal_flash_ramfunc.c 0x00000000   Number         0  stm32f4xx_hal_flash_ramfunc.o ABSOLUTE
    ..\Drivers\STM32F4xx_HAL_Driver\Src\stm32f4xx_hal_gpio.c 0x00000000   Number         0  stm32f4xx_hal_gpio.o ABSOLUTE
    ..\Drivers\STM32F4xx_HAL_Driver\Src\stm32f4xx_hal_i2c.c 0x00000000   Number         0  stm32f4xx_hal_i2c.o ABSOLUTE
    ..\Drivers\STM32F4xx_HAL_Driver\Src\stm32f4xx_hal_i2c_ex.c 0x00000000   Number         0  stm32f4xx_hal_i2c_ex.o ABSOLUTE
    ..\Drivers\STM32F4xx_HAL_Driver\Src\stm32f4xx_hal_pwr.c 0x00000000   Number         0  stm32f4xx_hal_pwr.o ABSOLUTE
    ..\Drivers\STM32F4xx_HAL_Driver\Src\stm32f4xx_hal_pwr_ex.c 0x00000000   Number         0  stm32f4xx_hal_pwr_ex.o ABSOLUTE
    ..\Drivers\STM32F4xx_HAL_Driver\Src\stm32f4xx_hal_rcc.c 0x00000000   Number         0  stm32f4xx_hal_rcc.o ABSOLUTE
    ..\Drivers\STM32F4xx_HAL_Driver\Src\stm32f4xx_hal_rcc_ex.c 0x00000000   Number         0  stm32f4xx_hal_rcc_ex.o ABSOLUTE
    ..\Drivers\STM32F4xx_HAL_Driver\Src\stm32f4xx_hal_tim.c 0x00000000   Number         0  stm32f4xx_hal_tim.o ABSOLUTE
    ..\Drivers\STM32F4xx_HAL_Driver\Src\stm32f4xx_hal_tim_ex.c 0x00000000   Number         0  stm32f4xx_hal_tim_ex.o ABSOLUTE
    ..\Drivers\STM32F4xx_HAL_Driver\Src\stm32f4xx_hal_uart.c 0x00000000   Number         0  stm32f4xx_hal_uart.o ABSOLUTE
    ..\\Core\\Src\\fonts.c                   0x00000000   Number         0  fonts.o ABSOLUTE
    ..\\Core\\Src\\init.c                    0x00000000   Number         0  init.o ABSOLUTE
    ..\\Core\\Src\\menu.c                    0x00000000   Number         0  menu.o ABSOLUTE
    ..\\Core\\Src\\menu_router.c             0x00000000   Number         0  menu_router.o ABSOLUTE
    ..\\Core\\Src\\motor.c                   0x00000000   Number         0  motor.o ABSOLUTE
    ..\\Core\\Src\\sensor.c                  0x00000000   Number         0  sensor.o ABSOLUTE
    ..\\Core\\Src\\ssd1306.c                 0x00000000   Number         0  ssd1306.o ABSOLUTE
    dc.s                                     0x00000000   Number         0  dc.o ABSOLUTE
    startup_stm32f407xx.s                    0x00000000   Number         0  startup_stm32f407xx.o ABSOLUTE
    RESET                                    0x08000000   Section      392  startup_stm32f407xx.o(RESET)
    !!!main                                  0x08000188   Section        8  __main.o(!!!main)
    !!!scatter                               0x08000190   Section       52  __scatter.o(!!!scatter)
    !!handler_copy                           0x080001c4   Section       26  __scatter_copy.o(!!handler_copy)
    !!handler_zi                             0x080001e0   Section       28  __scatter_zi.o(!!handler_zi)
    .ARM.Collect$$_printf_percent$$00000000  0x080001fc   Section        0  _printf_percent.o(.ARM.Collect$$_printf_percent$$00000000)
    .ARM.Collect$$_printf_percent$$0000000A  0x080001fc   Section        6  _printf_u.o(.ARM.Collect$$_printf_percent$$0000000A)
    .ARM.Collect$$_printf_percent$$00000017  0x08000202   Section        4  _printf_percent_end.o(.ARM.Collect$$_printf_percent$$00000017)
    .ARM.Collect$$libinit$$00000000          0x08000206   Section        2  libinit.o(.ARM.Collect$$libinit$$00000000)
    .ARM.Collect$$libinit$$00000001          0x08000208   Section        4  libinit2.o(.ARM.Collect$$libinit$$00000001)
    .ARM.Collect$$libinit$$00000004          0x0800020c   Section        0  libinit2.o(.ARM.Collect$$libinit$$00000004)
    .ARM.Collect$$libinit$$0000000A          0x0800020c   Section        0  libinit2.o(.ARM.Collect$$libinit$$0000000A)
    .ARM.Collect$$libinit$$0000000C          0x0800020c   Section        0  libinit2.o(.ARM.Collect$$libinit$$0000000C)
    .ARM.Collect$$libinit$$0000000E          0x0800020c   Section        0  libinit2.o(.ARM.Collect$$libinit$$0000000E)
    .ARM.Collect$$libinit$$00000011          0x0800020c   Section        0  libinit2.o(.ARM.Collect$$libinit$$00000011)
    .ARM.Collect$$libinit$$00000013          0x0800020c   Section        0  libinit2.o(.ARM.Collect$$libinit$$00000013)
    .ARM.Collect$$libinit$$00000015          0x0800020c   Section        0  libinit2.o(.ARM.Collect$$libinit$$00000015)
    .ARM.Collect$$libinit$$00000017          0x0800020c   Section        0  libinit2.o(.ARM.Collect$$libinit$$00000017)
    .ARM.Collect$$libinit$$00000019          0x0800020c   Section        0  libinit2.o(.ARM.Collect$$libinit$$00000019)
    .ARM.Collect$$libinit$$0000001B          0x0800020c   Section        0  libinit2.o(.ARM.Collect$$libinit$$0000001B)
    .ARM.Collect$$libinit$$0000001D          0x0800020c   Section        0  libinit2.o(.ARM.Collect$$libinit$$0000001D)
    .ARM.Collect$$libinit$$0000001F          0x0800020c   Section        0  libinit2.o(.ARM.Collect$$libinit$$0000001F)
    .ARM.Collect$$libinit$$00000021          0x0800020c   Section        0  libinit2.o(.ARM.Collect$$libinit$$00000021)
    .ARM.Collect$$libinit$$00000023          0x0800020c   Section        0  libinit2.o(.ARM.Collect$$libinit$$00000023)
    .ARM.Collect$$libinit$$00000025          0x0800020c   Section        0  libinit2.o(.ARM.Collect$$libinit$$00000025)
    .ARM.Collect$$libinit$$0000002C          0x0800020c   Section        0  libinit2.o(.ARM.Collect$$libinit$$0000002C)
    .ARM.Collect$$libinit$$0000002E          0x0800020c   Section        0  libinit2.o(.ARM.Collect$$libinit$$0000002E)
    .ARM.Collect$$libinit$$00000030          0x0800020c   Section        0  libinit2.o(.ARM.Collect$$libinit$$00000030)
    .ARM.Collect$$libinit$$00000032          0x0800020c   Section        0  libinit2.o(.ARM.Collect$$libinit$$00000032)
    .ARM.Collect$$libinit$$00000033          0x0800020c   Section        2  libinit2.o(.ARM.Collect$$libinit$$00000033)
    .ARM.Collect$$libshutdown$$00000000      0x0800020e   Section        2  libshutdown.o(.ARM.Collect$$libshutdown$$00000000)
    .ARM.Collect$$libshutdown$$00000002      0x08000210   Section        0  libshutdown2.o(.ARM.Collect$$libshutdown$$00000002)
    .ARM.Collect$$libshutdown$$00000004      0x08000210   Section        0  libshutdown2.o(.ARM.Collect$$libshutdown$$00000004)
    .ARM.Collect$$libshutdown$$00000006      0x08000210   Section        0  libshutdown2.o(.ARM.Collect$$libshutdown$$00000006)
    .ARM.Collect$$libshutdown$$00000009      0x08000210   Section        0  libshutdown2.o(.ARM.Collect$$libshutdown$$00000009)
    .ARM.Collect$$libshutdown$$0000000C      0x08000210   Section        0  libshutdown2.o(.ARM.Collect$$libshutdown$$0000000C)
    .ARM.Collect$$libshutdown$$0000000E      0x08000210   Section        0  libshutdown2.o(.ARM.Collect$$libshutdown$$0000000E)
    .ARM.Collect$$libshutdown$$00000011      0x08000210   Section        0  libshutdown2.o(.ARM.Collect$$libshutdown$$00000011)
    .ARM.Collect$$libshutdown$$00000012      0x08000210   Section        2  libshutdown2.o(.ARM.Collect$$libshutdown$$00000012)
    .ARM.Collect$$rtentry$$00000000          0x08000212   Section        0  __rtentry.o(.ARM.Collect$$rtentry$$00000000)
    .ARM.Collect$$rtentry$$00000002          0x08000212   Section        0  __rtentry2.o(.ARM.Collect$$rtentry$$00000002)
    .ARM.Collect$$rtentry$$00000004          0x08000212   Section        6  __rtentry4.o(.ARM.Collect$$rtentry$$00000004)
    .ARM.Collect$$rtentry$$00000009          0x08000218   Section        0  __rtentry2.o(.ARM.Collect$$rtentry$$00000009)
    .ARM.Collect$$rtentry$$0000000A          0x08000218   Section        4  __rtentry2.o(.ARM.Collect$$rtentry$$0000000A)
    .ARM.Collect$$rtentry$$0000000C          0x0800021c   Section        0  __rtentry2.o(.ARM.Collect$$rtentry$$0000000C)
    .ARM.Collect$$rtentry$$0000000D          0x0800021c   Section        8  __rtentry2.o(.ARM.Collect$$rtentry$$0000000D)
    .ARM.Collect$$rtexit$$00000000           0x08000224   Section        2  rtexit.o(.ARM.Collect$$rtexit$$00000000)
    .ARM.Collect$$rtexit$$00000002           0x08000226   Section        0  rtexit2.o(.ARM.Collect$$rtexit$$00000002)
    .ARM.Collect$$rtexit$$00000003           0x08000226   Section        4  rtexit2.o(.ARM.Collect$$rtexit$$00000003)
    .ARM.Collect$$rtexit$$00000004           0x0800022a   Section        6  rtexit2.o(.ARM.Collect$$rtexit$$00000004)
    .text                                    0x08000230   Section       64  startup_stm32f407xx.o(.text)
    $v0                                      0x08000230   Number         0  startup_stm32f407xx.o(.text)
    .text                                    0x08000270   Section      238  lludivv7m.o(.text)
    .text                                    0x08000360   Section        0  noretval__2snprintf.o(.text)
    .text                                    0x08000394   Section        0  _printf_dec.o(.text)
    .text                                    0x0800040c   Section        0  __printf_ss_wp.o(.text)
    .text                                    0x0800056c   Section       16  aeabi_memset.o(.text)
    .text                                    0x0800057c   Section       78  rt_memclr_w.o(.text)
    .text                                    0x080005ca   Section        0  heapauxi.o(.text)
    .text                                    0x080005d0   Section        0  _printf_intcommon.o(.text)
    .text                                    0x08000684   Section        0  _printf_char_common.o(.text)
    _printf_input_char                       0x08000685   Thumb Code    10  _printf_char_common.o(.text)
    .text                                    0x080006b4   Section        0  _sputc.o(.text)
    .text                                    0x080006be   Section        0  _snputc.o(.text)
    .text                                    0x080006ce   Section       68  rt_memclr.o(.text)
    .text                                    0x08000714   Section        8  libspace.o(.text)
    .text                                    0x0800071c   Section       74  sys_stackheap_outer.o(.text)
    .text                                    0x08000766   Section        0  exit.o(.text)
    .text                                    0x08000778   Section        0  sys_exit.o(.text)
    .text                                    0x08000784   Section        2  use_no_semi.o(.text)
    .text                                    0x08000786   Section        0  indicate_semi.o(.text)
    i.ADC_Init                               0x08000788   Section        0  stm32f4xx_hal_adc.o(i.ADC_Init)
    ADC_Init                                 0x08000789   Thumb Code   284  stm32f4xx_hal_adc.o(i.ADC_Init)
    i.BusFault_Handler                       0x080008b0   Section        0  stm32f4xx_it.o(i.BusFault_Handler)
    i.Calibarate_Sensors                     0x080008b4   Section        0  menu_router.o(i.Calibarate_Sensors)
    i.ConvertADCtoMM                         0x080008e0   Section        0  sensorcalib.o(i.ConvertADCtoMM)
    i.DebugMon_Handler                       0x08000980   Section        0  stm32f4xx_it.o(i.DebugMon_Handler)
    i.Error_Handler                          0x08000982   Section        0  main.o(i.Error_Handler)
    i.HAL_ADC_ConfigChannel                  0x08000988   Section        0  stm32f4xx_hal_adc.o(i.HAL_ADC_ConfigChannel)
    i.HAL_ADC_GetValue                       0x08000ad4   Section        0  stm32f4xx_hal_adc.o(i.HAL_ADC_GetValue)
    i.HAL_ADC_Init                           0x08000ada   Section        0  stm32f4xx_hal_adc.o(i.HAL_ADC_Init)
    i.HAL_ADC_MspInit                        0x08000b30   Section        0  adc.o(i.HAL_ADC_MspInit)
    i.HAL_ADC_PollForConversion              0x08000b90   Section        0  stm32f4xx_hal_adc.o(i.HAL_ADC_PollForConversion)
    i.HAL_ADC_Start                          0x08000c3c   Section        0  stm32f4xx_hal_adc.o(i.HAL_ADC_Start)
    i.HAL_ADC_Stop                           0x08000d38   Section        0  stm32f4xx_hal_adc.o(i.HAL_ADC_Stop)
    i.HAL_Delay                              0x08000d74   Section        0  stm32f4xx_hal.o(i.HAL_Delay)
    i.HAL_GPIO_Init                          0x08000d98   Section        0  stm32f4xx_hal_gpio.o(i.HAL_GPIO_Init)
    i.HAL_GPIO_ReadPin                       0x08000f88   Section        0  stm32f4xx_hal_gpio.o(i.HAL_GPIO_ReadPin)
    i.HAL_GPIO_WritePin                      0x08000f92   Section        0  stm32f4xx_hal_gpio.o(i.HAL_GPIO_WritePin)
    i.HAL_GetTick                            0x08000f9c   Section        0  stm32f4xx_hal.o(i.HAL_GetTick)
    i.HAL_I2C_Init                           0x08000fa8   Section        0  stm32f4xx_hal_i2c.o(i.HAL_I2C_Init)
    i.HAL_I2C_IsDeviceReady                  0x08001130   Section        0  stm32f4xx_hal_i2c.o(i.HAL_I2C_IsDeviceReady)
    i.HAL_I2C_Master_Transmit                0x0800129c   Section        0  stm32f4xx_hal_i2c.o(i.HAL_I2C_Master_Transmit)
    i.HAL_I2C_MspInit                        0x080013c8   Section        0  i2c.o(i.HAL_I2C_MspInit)
    i.HAL_IncTick                            0x08001430   Section        0  stm32f4xx_hal.o(i.HAL_IncTick)
    i.HAL_Init                               0x08001440   Section        0  stm32f4xx_hal.o(i.HAL_Init)
    i.HAL_InitTick                           0x08001474   Section        0  stm32f4xx_hal.o(i.HAL_InitTick)
    i.HAL_MspInit                            0x080014b4   Section        0  stm32f4xx_hal_msp.o(i.HAL_MspInit)
    i.HAL_NVIC_SetPriority                   0x080014e4   Section        0  stm32f4xx_hal_cortex.o(i.HAL_NVIC_SetPriority)
    i.HAL_NVIC_SetPriorityGrouping           0x08001524   Section        0  stm32f4xx_hal_cortex.o(i.HAL_NVIC_SetPriorityGrouping)
    i.HAL_RCC_ClockConfig                    0x08001548   Section        0  stm32f4xx_hal_rcc.o(i.HAL_RCC_ClockConfig)
    i.HAL_RCC_GetPCLK1Freq                   0x0800167c   Section        0  stm32f4xx_hal_rcc.o(i.HAL_RCC_GetPCLK1Freq)
    i.HAL_RCC_GetPCLK2Freq                   0x0800169c   Section        0  stm32f4xx_hal_rcc.o(i.HAL_RCC_GetPCLK2Freq)
    i.HAL_RCC_GetSysClockFreq                0x080016bc   Section        0  stm32f4xx_hal_rcc.o(i.HAL_RCC_GetSysClockFreq)
    i.HAL_RCC_OscConfig                      0x08001720   Section        0  stm32f4xx_hal_rcc.o(i.HAL_RCC_OscConfig)
    i.HAL_SYSTICK_Config                     0x08001a8c   Section        0  stm32f4xx_hal_cortex.o(i.HAL_SYSTICK_Config)
    i.HAL_TIMEx_ConfigBreakDeadTime          0x08001ab4   Section        0  stm32f4xx_hal_tim_ex.o(i.HAL_TIMEx_ConfigBreakDeadTime)
    i.HAL_TIMEx_MasterConfigSynchronization  0x08001b08   Section        0  stm32f4xx_hal_tim_ex.o(i.HAL_TIMEx_MasterConfigSynchronization)
    i.HAL_TIM_Encoder_Init                   0x08001b98   Section        0  stm32f4xx_hal_tim.o(i.HAL_TIM_Encoder_Init)
    i.HAL_TIM_Encoder_MspInit                0x08001c3c   Section        0  tim.o(i.HAL_TIM_Encoder_MspInit)
    i.HAL_TIM_Encoder_Start                  0x08001d04   Section        0  stm32f4xx_hal_tim.o(i.HAL_TIM_Encoder_Start)
    i.HAL_TIM_MspPostInit                    0x08001d94   Section        0  tim.o(i.HAL_TIM_MspPostInit)
    i.HAL_TIM_PWM_ConfigChannel              0x08001e60   Section        0  stm32f4xx_hal_tim.o(i.HAL_TIM_PWM_ConfigChannel)
    i.HAL_TIM_PWM_Init                       0x08001f2c   Section        0  stm32f4xx_hal_tim.o(i.HAL_TIM_PWM_Init)
    i.HAL_TIM_PWM_MspInit                    0x08001f88   Section        0  tim.o(i.HAL_TIM_PWM_MspInit)
    i.HAL_TIM_PWM_Start                      0x08001fe8   Section        0  stm32f4xx_hal_tim.o(i.HAL_TIM_PWM_Start)
    i.HAL_UART_Init                          0x080020b0   Section        0  stm32f4xx_hal_uart.o(i.HAL_UART_Init)
    i.HAL_UART_MspInit                       0x08002114   Section        0  usart.o(i.HAL_UART_MspInit)
    i.HardFault_Handler                      0x08002180   Section        0  stm32f4xx_it.o(i.HardFault_Handler)
    i.I2C_IsAcknowledgeFailed                0x08002182   Section        0  stm32f4xx_hal_i2c.o(i.I2C_IsAcknowledgeFailed)
    I2C_IsAcknowledgeFailed                  0x08002183   Thumb Code    46  stm32f4xx_hal_i2c.o(i.I2C_IsAcknowledgeFailed)
    i.I2C_MasterRequestWrite                 0x080021b0   Section        0  stm32f4xx_hal_i2c.o(i.I2C_MasterRequestWrite)
    I2C_MasterRequestWrite                   0x080021b1   Thumb Code   150  stm32f4xx_hal_i2c.o(i.I2C_MasterRequestWrite)
    i.I2C_WaitOnBTFFlagUntilTimeout          0x0800224c   Section        0  stm32f4xx_hal_i2c.o(i.I2C_WaitOnBTFFlagUntilTimeout)
    I2C_WaitOnBTFFlagUntilTimeout            0x0800224d   Thumb Code    86  stm32f4xx_hal_i2c.o(i.I2C_WaitOnBTFFlagUntilTimeout)
    i.I2C_WaitOnFlagUntilTimeout             0x080022a4   Section        0  stm32f4xx_hal_i2c.o(i.I2C_WaitOnFlagUntilTimeout)
    I2C_WaitOnFlagUntilTimeout               0x080022a5   Thumb Code   144  stm32f4xx_hal_i2c.o(i.I2C_WaitOnFlagUntilTimeout)
    i.I2C_WaitOnMasterAddressFlagUntilTimeout 0x08002334   Section        0  stm32f4xx_hal_i2c.o(i.I2C_WaitOnMasterAddressFlagUntilTimeout)
    I2C_WaitOnMasterAddressFlagUntilTimeout  0x08002335   Thumb Code   188  stm32f4xx_hal_i2c.o(i.I2C_WaitOnMasterAddressFlagUntilTimeout)
    i.I2C_WaitOnTXEFlagUntilTimeout          0x080023f0   Section        0  stm32f4xx_hal_i2c.o(i.I2C_WaitOnTXEFlagUntilTimeout)
    I2C_WaitOnTXEFlagUntilTimeout            0x080023f1   Thumb Code    86  stm32f4xx_hal_i2c.o(i.I2C_WaitOnTXEFlagUntilTimeout)
    i.INIT_All                               0x08002448   Section        0  init.o(i.INIT_All)
    i.MX_ADC1_Init                           0x08002594   Section        0  adc.o(i.MX_ADC1_Init)
    i.MX_GPIO_Init                           0x08002638   Section        0  gpio.o(i.MX_GPIO_Init)
    i.MX_I2C1_Init                           0x080026ec   Section        0  i2c.o(i.MX_I2C1_Init)
    i.MX_TIM1_Init                           0x0800272c   Section        0  tim.o(i.MX_TIM1_Init)
    i.MX_TIM2_Init                           0x080027c8   Section        0  tim.o(i.MX_TIM2_Init)
    i.MX_TIM3_Init                           0x0800282c   Section        0  tim.o(i.MX_TIM3_Init)
    i.MX_TIM4_Init                           0x080028cc   Section        0  tim.o(i.MX_TIM4_Init)
    i.MX_TIM5_Init                           0x0800293c   Section        0  tim.o(i.MX_TIM5_Init)
    i.MX_UART4_Init                          0x080029a4   Section        0  usart.o(i.MX_UART4_Init)
    i.Maze_Run                               0x080029dc   Section        0  menu_router.o(i.Maze_Run)
    i.Maze_Search                            0x08002a0c   Section        0  menu_router.o(i.Maze_Search)
    i.MemManage_Handler                      0x08002a3c   Section        0  stm32f4xx_it.o(i.MemManage_Handler)
    i.Menu_ExecuteAction                     0x08002a40   Section        0  menu_router.o(i.Menu_ExecuteAction)
    i.Menu_Init                              0x08002aa8   Section        0  menu.o(i.Menu_Init)
    i.Menu_ProcessScroll                     0x08002ab8   Section        0  menu.o(i.Menu_ProcessScroll)
    i.Menu_ProcessSelect                     0x08002afc   Section        0  menu.o(i.Menu_ProcessSelect)
    i.Menu_Render                            0x08002b58   Section        0  menu.o(i.Menu_Render)
    i.Menu_UpdateEncoderInputs               0x08002c00   Section        0  menu.o(i.Menu_UpdateEncoderInputs)
    i.Motor_Init                             0x08002c18   Section        0  motor.o(i.Motor_Init)
    i.Motor_StartPWM                         0x08002c36   Section        0  motor.o(i.Motor_StartPWM)
    i.NMI_Handler                            0x08002c3e   Section        0  stm32f4xx_it.o(i.NMI_Handler)
    i.PendSV_Handler                         0x08002c40   Section        0  stm32f4xx_it.o(i.PendSV_Handler)
    i.SSD1306_Clear                          0x08002c42   Section        0  ssd1306.o(i.SSD1306_Clear)
    i.SSD1306_DrawPixel                      0x08002c54   Section        0  ssd1306.o(i.SSD1306_DrawPixel)
    i.SSD1306_Fill                           0x08002c94   Section        0  ssd1306.o(i.SSD1306_Fill)
    i.SSD1306_GotoXY                         0x08002cac   Section        0  ssd1306.o(i.SSD1306_GotoXY)
    i.SSD1306_Init                           0x08002cb8   Section        0  ssd1306.o(i.SSD1306_Init)
    i.SSD1306_Putc                           0x08002e20   Section        0  ssd1306.o(i.SSD1306_Putc)
    i.SSD1306_Puts                           0x08002ec0   Section        0  ssd1306.o(i.SSD1306_Puts)
    i.SSD1306_UpdateScreen                   0x08002ee8   Section        0  ssd1306.o(i.SSD1306_UpdateScreen)
    i.SVC_Handler                            0x08002f2c   Section        0  stm32f4xx_it.o(i.SVC_Handler)
    i.Sensor_GetDistance                     0x08002f2e   Section        0  sensor.o(i.Sensor_GetDistance)
    i.Sensor_GetReadings                     0x08002f6c   Section        0  sensor.o(i.Sensor_GetReadings)
    i.Sensor_Init                            0x08003050   Section        0  sensor.o(i.Sensor_Init)
    i.SetPID                                 0x0800308c   Section        0  menu_router.o(i.SetPID)
    i.SysTick_Handler                        0x080030b8   Section        0  stm32f4xx_it.o(i.SysTick_Handler)
    i.SystemClock_Config                     0x080030bc   Section        0  main.o(i.SystemClock_Config)
    i.SystemInit                             0x08003150   Section        0  system_stm32f4xx.o(i.SystemInit)
    i.TIM_Base_SetConfig                     0x08003160   Section        0  stm32f4xx_hal_tim.o(i.TIM_Base_SetConfig)
    i.TIM_CCxChannelCmd                      0x08003238   Section        0  stm32f4xx_hal_tim.o(i.TIM_CCxChannelCmd)
    i.TIM_OC1_SetConfig                      0x08003254   Section        0  stm32f4xx_hal_tim.o(i.TIM_OC1_SetConfig)
    TIM_OC1_SetConfig                        0x08003255   Thumb Code    88  stm32f4xx_hal_tim.o(i.TIM_OC1_SetConfig)
    i.TIM_OC2_SetConfig                      0x080032b4   Section        0  stm32f4xx_hal_tim.o(i.TIM_OC2_SetConfig)
    i.TIM_OC3_SetConfig                      0x08003320   Section        0  stm32f4xx_hal_tim.o(i.TIM_OC3_SetConfig)
    TIM_OC3_SetConfig                        0x08003321   Thumb Code    96  stm32f4xx_hal_tim.o(i.TIM_OC3_SetConfig)
    i.TIM_OC4_SetConfig                      0x08003388   Section        0  stm32f4xx_hal_tim.o(i.TIM_OC4_SetConfig)
    TIM_OC4_SetConfig                        0x08003389   Thumb Code    70  stm32f4xx_hal_tim.o(i.TIM_OC4_SetConfig)
    i.TestUtility                            0x080033d8   Section        0  menu_router.o(i.TestUtility)
    i.UART_SetConfig                         0x080034b0   Section        0  stm32f4xx_hal_uart.o(i.UART_SetConfig)
    UART_SetConfig                           0x080034b1   Thumb Code   258  stm32f4xx_hal_uart.o(i.UART_SetConfig)
    i.UsageFault_Handler                     0x080035bc   Section        0  stm32f4xx_it.o(i.UsageFault_Handler)
    i.__NVIC_SetPriority                     0x080035be   Section        0  stm32f4xx_hal_cortex.o(i.__NVIC_SetPriority)
    __NVIC_SetPriority                       0x080035bf   Thumb Code    32  stm32f4xx_hal_cortex.o(i.__NVIC_SetPriority)
    i._is_digit                              0x080035de   Section        0  __printf_wp.o(i._is_digit)
    i.main                                   0x080035ec   Section        0  main.o(i.main)
    i.ssd1306_I2C_Init                       0x0800364c   Section        0  ssd1306.o(i.ssd1306_I2C_Init)
    i.ssd1306_I2C_Write                      0x08003658   Section        0  ssd1306.o(i.ssd1306_I2C_Write)
    i.ssd1306_I2C_WriteMulti                 0x08003678   Section        0  ssd1306.o(i.ssd1306_I2C_WriteMulti)
    x$fpl$fpinit                             0x080036b0   Section       10  fpinit.o(x$fpl$fpinit)
    $v0                                      0x080036b0   Number         0  fpinit.o(x$fpl$fpinit)
    .constdata                               0x080036ba   Section     1900  fonts.o(.constdata)
    .constdata                               0x08003e26   Section      150  sensorcalib.o(.constdata)
    calibRaw                                 0x08003e26   Data         120  sensorcalib.o(.constdata)
    mm_table                                 0x08003e9e   Data          30  sensorcalib.o(.constdata)
    .constdata                               0x08003ebc   Section       16  system_stm32f4xx.o(.constdata)
    .constdata                               0x08003ecc   Section        8  system_stm32f4xx.o(.constdata)
    .conststring                             0x08003ed4   Section       45  init.o(.conststring)
    .conststring                             0x08003f04   Section       77  init.o(.conststring)
    .data                                    0x20000000   Section       64  init.o(.data)
    .data                                    0x20000040   Section       80  init.o(.data)
    .data                                    0x20000090   Section        8  fonts.o(.data)
    .data                                    0x20000098   Section       16  ssd1306.o(.data)
    SSD1306                                  0x20000098   Data           6  ssd1306.o(.data)
    PRECISION                                0x200000a0   Data           8  ssd1306.o(.data)
    .data                                    0x200000a8   Section        8  menu.o(.data)
    scrollDelta                              0x200000a8   Data           1  menu.o(.data)
    selectDelta                              0x200000a9   Data           1  menu.o(.data)
    scrollTicks                              0x200000aa   Data           1  menu.o(.data)
    selectTicks                              0x200000ab   Data           1  menu.o(.data)
    lastScrollPos                            0x200000ac   Data           2  menu.o(.data)
    lastSelectPos                            0x200000ae   Data           2  menu.o(.data)
    .data                                    0x200000b0   Section        8  main.o(.data)
    .data                                    0x200000b8   Section       12  stm32f4xx_hal.o(.data)
    .data                                    0x200000c4   Section        4  system_stm32f4xx.o(.data)
    .bss                                     0x200000c8   Section       96  init.o(.bss)
    .bss                                     0x20000128   Section      512  ssd1306.o(.bss)
    SSD1306_Buffer                           0x20000128   Data         512  ssd1306.o(.bss)
    .bss                                     0x20000328   Section       16  main.o(.bss)
    .bss                                     0x20000338   Section       72  adc.o(.bss)
    .bss                                     0x20000380   Section       84  i2c.o(.bss)
    .bss                                     0x200003d4   Section      360  tim.o(.bss)
    .bss                                     0x2000053c   Section       72  usart.o(.bss)
    .bss                                     0x20000584   Section       64  sensorcalib.o(.bss)
    smoothBufs                               0x20000584   Data          64  sensorcalib.o(.bss)
    .bss                                     0x200005c4   Section       96  libspace.o(.bss)
    HEAP                                     0x20000628   Section      512  startup_stm32f407xx.o(HEAP)
    Heap_Mem                                 0x20000628   Data         512  startup_stm32f407xx.o(HEAP)
    STACK                                    0x20000828   Section     1024  startup_stm32f407xx.o(STACK)
    Stack_Mem                                0x20000828   Data        1024  startup_stm32f407xx.o(STACK)
    __initial_sp                             0x20000c28   Data           0  startup_stm32f407xx.o(STACK)

    Global Symbols

    Symbol Name                              Value     Ov Type        Size  Object(Section)

    BuildAttributes$$THM_ISAv4$E$P$D$K$B$S$7EM$VFPi3$EXTD16$VFPS$VFMA$PE$A:L22UL41UL21$X:L11$S22US41US21$IEEE1$IW$USESV6$~STKCKD$USESV7$~SHL$OTIME$ROPI$IEEEX$EBA8$UX$STANDARDLIB$REQ8$PRES8$EABIv2 0x00000000   Number         0  anon$$obj.o ABSOLUTE
    __ARM_use_no_argv                        0x00000000   Number         0  main.o ABSOLUTE
    _printf_flags                            0x00000000   Number         0  printf_stubs.o ABSOLUTE
    _printf_return_value                     0x00000000   Number         0  printf_stubs.o ABSOLUTE
    _printf_sizespec                         0x00000000   Number         0  printf_stubs.o ABSOLUTE
    _printf_widthprec                        0x00000000   Number         0  printf_stubs.o ABSOLUTE
    __ARM_exceptions_init                     - Undefined Weak Reference
    __alloca_initialize                       - Undefined Weak Reference
    __arm_fini_                               - Undefined Weak Reference
    __arm_preinit_                            - Undefined Weak Reference
    __cpp_initialize__aeabi_                  - Undefined Weak Reference
    __cxa_finalize                            - Undefined Weak Reference
    __sigvec_lookup                           - Undefined Weak Reference
    _atexit_init                              - Undefined Weak Reference
    _call_atexit_fns                          - Undefined Weak Reference
    _clock_init                               - Undefined Weak Reference
    _fp_trap_init                             - Undefined Weak Reference
    _fp_trap_shutdown                         - Undefined Weak Reference
    _get_lc_collate                           - Undefined Weak Reference
    _get_lc_ctype                             - Undefined Weak Reference
    _get_lc_monetary                          - Undefined Weak Reference
    _get_lc_time                              - Undefined Weak Reference
    _getenv_init                              - Undefined Weak Reference
    _handle_redirection                       - Undefined Weak Reference
    _init_alloc                               - Undefined Weak Reference
    _init_user_alloc                          - Undefined Weak Reference
    _initio                                   - Undefined Weak Reference
    _printf_post_padding                      - Undefined Weak Reference
    _printf_pre_padding                       - Undefined Weak Reference
    _printf_truncate_signed                   - Undefined Weak Reference
    _printf_truncate_unsigned                 - Undefined Weak Reference
    _rand_init                                - Undefined Weak Reference
    _signal_finish                            - Undefined Weak Reference
    _signal_init                              - Undefined Weak Reference
    _terminate_alloc                          - Undefined Weak Reference
    _terminate_user_alloc                     - Undefined Weak Reference
    _terminateio                              - Undefined Weak Reference
    __Vectors_Size                           0x00000188   Number         0  startup_stm32f407xx.o ABSOLUTE
    __Vectors                                0x08000000   Data           4  startup_stm32f407xx.o(RESET)
    __Vectors_End                            0x08000188   Data           0  startup_stm32f407xx.o(RESET)
    __main                                   0x08000189   Thumb Code     8  __main.o(!!!main)
    __scatterload                            0x08000191   Thumb Code     0  __scatter.o(!!!scatter)
    __scatterload_rt2                        0x08000191   Thumb Code    44  __scatter.o(!!!scatter)
    __scatterload_rt2_thumb_only             0x08000191   Thumb Code     0  __scatter.o(!!!scatter)
    __scatterload_null                       0x0800019f   Thumb Code     0  __scatter.o(!!!scatter)
    __scatterload_copy                       0x080001c5   Thumb Code    26  __scatter_copy.o(!!handler_copy)
    __scatterload_zeroinit                   0x080001e1   Thumb Code    28  __scatter_zi.o(!!handler_zi)
    _printf_percent                          0x080001fd   Thumb Code     0  _printf_percent.o(.ARM.Collect$$_printf_percent$$00000000)
    _printf_u                                0x080001fd   Thumb Code     0  _printf_u.o(.ARM.Collect$$_printf_percent$$0000000A)
    _printf_percent_end                      0x08000203   Thumb Code     0  _printf_percent_end.o(.ARM.Collect$$_printf_percent$$00000017)
    __rt_lib_init                            0x08000207   Thumb Code     0  libinit.o(.ARM.Collect$$libinit$$00000000)
    __rt_lib_init_fp_1                       0x08000209   Thumb Code     0  libinit2.o(.ARM.Collect$$libinit$$00000001)
    __rt_lib_init_alloca_1                   0x0800020d   Thumb Code     0  libinit2.o(.ARM.Collect$$libinit$$0000002E)
    __rt_lib_init_argv_1                     0x0800020d   Thumb Code     0  libinit2.o(.ARM.Collect$$libinit$$0000002C)
    __rt_lib_init_atexit_1                   0x0800020d   Thumb Code     0  libinit2.o(.ARM.Collect$$libinit$$0000001B)
    __rt_lib_init_clock_1                    0x0800020d   Thumb Code     0  libinit2.o(.ARM.Collect$$libinit$$00000021)
    __rt_lib_init_cpp_1                      0x0800020d   Thumb Code     0  libinit2.o(.ARM.Collect$$libinit$$00000032)
    __rt_lib_init_exceptions_1               0x0800020d   Thumb Code     0  libinit2.o(.ARM.Collect$$libinit$$00000030)
    __rt_lib_init_fp_trap_1                  0x0800020d   Thumb Code     0  libinit2.o(.ARM.Collect$$libinit$$0000001F)
    __rt_lib_init_getenv_1                   0x0800020d   Thumb Code     0  libinit2.o(.ARM.Collect$$libinit$$00000023)
    __rt_lib_init_heap_1                     0x0800020d   Thumb Code     0  libinit2.o(.ARM.Collect$$libinit$$0000000A)
    __rt_lib_init_lc_collate_1               0x0800020d   Thumb Code     0  libinit2.o(.ARM.Collect$$libinit$$00000011)
    __rt_lib_init_lc_ctype_1                 0x0800020d   Thumb Code     0  libinit2.o(.ARM.Collect$$libinit$$00000013)
    __rt_lib_init_lc_monetary_1              0x0800020d   Thumb Code     0  libinit2.o(.ARM.Collect$$libinit$$00000015)
    __rt_lib_init_lc_numeric_1               0x0800020d   Thumb Code     0  libinit2.o(.ARM.Collect$$libinit$$00000017)
    __rt_lib_init_lc_time_1                  0x0800020d   Thumb Code     0  libinit2.o(.ARM.Collect$$libinit$$00000019)
    __rt_lib_init_preinit_1                  0x0800020d   Thumb Code     0  libinit2.o(.ARM.Collect$$libinit$$00000004)
    __rt_lib_init_rand_1                     0x0800020d   Thumb Code     0  libinit2.o(.ARM.Collect$$libinit$$0000000E)
    __rt_lib_init_return                     0x0800020d   Thumb Code     0  libinit2.o(.ARM.Collect$$libinit$$00000033)
    __rt_lib_init_signal_1                   0x0800020d   Thumb Code     0  libinit2.o(.ARM.Collect$$libinit$$0000001D)
    __rt_lib_init_stdio_1                    0x0800020d   Thumb Code     0  libinit2.o(.ARM.Collect$$libinit$$00000025)
    __rt_lib_init_user_alloc_1               0x0800020d   Thumb Code     0  libinit2.o(.ARM.Collect$$libinit$$0000000C)
    __rt_lib_shutdown                        0x0800020f   Thumb Code     0  libshutdown.o(.ARM.Collect$$libshutdown$$00000000)
    __rt_lib_shutdown_cpp_1                  0x08000211   Thumb Code     0  libshutdown2.o(.ARM.Collect$$libshutdown$$00000004)
    __rt_lib_shutdown_fini_1                 0x08000211   Thumb Code     0  libshutdown2.o(.ARM.Collect$$libshutdown$$00000002)
    __rt_lib_shutdown_fp_trap_1              0x08000211   Thumb Code     0  libshutdown2.o(.ARM.Collect$$libshutdown$$00000009)
    __rt_lib_shutdown_heap_1                 0x08000211   Thumb Code     0  libshutdown2.o(.ARM.Collect$$libshutdown$$00000011)
    __rt_lib_shutdown_return                 0x08000211   Thumb Code     0  libshutdown2.o(.ARM.Collect$$libshutdown$$00000012)
    __rt_lib_shutdown_signal_1               0x08000211   Thumb Code     0  libshutdown2.o(.ARM.Collect$$libshutdown$$0000000C)
    __rt_lib_shutdown_stdio_1                0x08000211   Thumb Code     0  libshutdown2.o(.ARM.Collect$$libshutdown$$00000006)
    __rt_lib_shutdown_user_alloc_1           0x08000211   Thumb Code     0  libshutdown2.o(.ARM.Collect$$libshutdown$$0000000E)
    __rt_entry                               0x08000213   Thumb Code     0  __rtentry.o(.ARM.Collect$$rtentry$$00000000)
    __rt_entry_presh_1                       0x08000213   Thumb Code     0  __rtentry2.o(.ARM.Collect$$rtentry$$00000002)
    __rt_entry_sh                            0x08000213   Thumb Code     0  __rtentry4.o(.ARM.Collect$$rtentry$$00000004)
    __rt_entry_li                            0x08000219   Thumb Code     0  __rtentry2.o(.ARM.Collect$$rtentry$$0000000A)
    __rt_entry_postsh_1                      0x08000219   Thumb Code     0  __rtentry2.o(.ARM.Collect$$rtentry$$00000009)
    __rt_entry_main                          0x0800021d   Thumb Code     0  __rtentry2.o(.ARM.Collect$$rtentry$$0000000D)
    __rt_entry_postli_1                      0x0800021d   Thumb Code     0  __rtentry2.o(.ARM.Collect$$rtentry$$0000000C)
    __rt_exit                                0x08000225   Thumb Code     0  rtexit.o(.ARM.Collect$$rtexit$$00000000)
    __rt_exit_ls                             0x08000227   Thumb Code     0  rtexit2.o(.ARM.Collect$$rtexit$$00000003)
    __rt_exit_prels_1                        0x08000227   Thumb Code     0  rtexit2.o(.ARM.Collect$$rtexit$$00000002)
    __rt_exit_exit                           0x0800022b   Thumb Code     0  rtexit2.o(.ARM.Collect$$rtexit$$00000004)
    Reset_Handler                            0x08000231   Thumb Code     8  startup_stm32f407xx.o(.text)
    ADC_IRQHandler                           0x0800024b   Thumb Code     0  startup_stm32f407xx.o(.text)
    CAN1_RX0_IRQHandler                      0x0800024b   Thumb Code     0  startup_stm32f407xx.o(.text)
    CAN1_RX1_IRQHandler                      0x0800024b   Thumb Code     0  startup_stm32f407xx.o(.text)
    CAN1_SCE_IRQHandler                      0x0800024b   Thumb Code     0  startup_stm32f407xx.o(.text)
    CAN1_TX_IRQHandler                       0x0800024b   Thumb Code     0  startup_stm32f407xx.o(.text)
    CAN2_RX0_IRQHandler                      0x0800024b   Thumb Code     0  startup_stm32f407xx.o(.text)
    CAN2_RX1_IRQHandler                      0x0800024b   Thumb Code     0  startup_stm32f407xx.o(.text)
    CAN2_SCE_IRQHandler                      0x0800024b   Thumb Code     0  startup_stm32f407xx.o(.text)
    CAN2_TX_IRQHandler                       0x0800024b   Thumb Code     0  startup_stm32f407xx.o(.text)
    DCMI_IRQHandler                          0x0800024b   Thumb Code     0  startup_stm32f407xx.o(.text)
    DMA1_Stream0_IRQHandler                  0x0800024b   Thumb Code     0  startup_stm32f407xx.o(.text)
    DMA1_Stream1_IRQHandler                  0x0800024b   Thumb Code     0  startup_stm32f407xx.o(.text)
    DMA1_Stream2_IRQHandler                  0x0800024b   Thumb Code     0  startup_stm32f407xx.o(.text)
    DMA1_Stream3_IRQHandler                  0x0800024b   Thumb Code     0  startup_stm32f407xx.o(.text)
    DMA1_Stream4_IRQHandler                  0x0800024b   Thumb Code     0  startup_stm32f407xx.o(.text)
    DMA1_Stream5_IRQHandler                  0x0800024b   Thumb Code     0  startup_stm32f407xx.o(.text)
    DMA1_Stream6_IRQHandler                  0x0800024b   Thumb Code     0  startup_stm32f407xx.o(.text)
    DMA1_Stream7_IRQHandler                  0x0800024b   Thumb Code     0  startup_stm32f407xx.o(.text)
    DMA2_Stream0_IRQHandler                  0x0800024b   Thumb Code     0  startup_stm32f407xx.o(.text)
    DMA2_Stream1_IRQHandler                  0x0800024b   Thumb Code     0  startup_stm32f407xx.o(.text)
    DMA2_Stream2_IRQHandler                  0x0800024b   Thumb Code     0  startup_stm32f407xx.o(.text)
    DMA2_Stream3_IRQHandler                  0x0800024b   Thumb Code     0  startup_stm32f407xx.o(.text)
    DMA2_Stream4_IRQHandler                  0x0800024b   Thumb Code     0  startup_stm32f407xx.o(.text)
    DMA2_Stream5_IRQHandler                  0x0800024b   Thumb Code     0  startup_stm32f407xx.o(.text)
    DMA2_Stream6_IRQHandler                  0x0800024b   Thumb Code     0  startup_stm32f407xx.o(.text)
    DMA2_Stream7_IRQHandler                  0x0800024b   Thumb Code     0  startup_stm32f407xx.o(.text)
    ETH_IRQHandler                           0x0800024b   Thumb Code     0  startup_stm32f407xx.o(.text)
    ETH_WKUP_IRQHandler                      0x0800024b   Thumb Code     0  startup_stm32f407xx.o(.text)
    EXTI0_IRQHandler                         0x0800024b   Thumb Code     0  startup_stm32f407xx.o(.text)
    EXTI15_10_IRQHandler                     0x0800024b   Thumb Code     0  startup_stm32f407xx.o(.text)
    EXTI1_IRQHandler                         0x0800024b   Thumb Code     0  startup_stm32f407xx.o(.text)
    EXTI2_IRQHandler                         0x0800024b   Thumb Code     0  startup_stm32f407xx.o(.text)
    EXTI3_IRQHandler                         0x0800024b   Thumb Code     0  startup_stm32f407xx.o(.text)
    EXTI4_IRQHandler                         0x0800024b   Thumb Code     0  startup_stm32f407xx.o(.text)
    EXTI9_5_IRQHandler                       0x0800024b   Thumb Code     0  startup_stm32f407xx.o(.text)
    FLASH_IRQHandler                         0x0800024b   Thumb Code     0  startup_stm32f407xx.o(.text)
    FMC_IRQHandler                           0x0800024b   Thumb Code     0  startup_stm32f407xx.o(.text)
    FPU_IRQHandler                           0x0800024b   Thumb Code     0  startup_stm32f407xx.o(.text)
    HASH_RNG_IRQHandler                      0x0800024b   Thumb Code     0  startup_stm32f407xx.o(.text)
    I2C1_ER_IRQHandler                       0x0800024b   Thumb Code     0  startup_stm32f407xx.o(.text)
    I2C1_EV_IRQHandler                       0x0800024b   Thumb Code     0  startup_stm32f407xx.o(.text)
    I2C2_ER_IRQHandler                       0x0800024b   Thumb Code     0  startup_stm32f407xx.o(.text)
    I2C2_EV_IRQHandler                       0x0800024b   Thumb Code     0  startup_stm32f407xx.o(.text)
    I2C3_ER_IRQHandler                       0x0800024b   Thumb Code     0  startup_stm32f407xx.o(.text)
    I2C3_EV_IRQHandler                       0x0800024b   Thumb Code     0  startup_stm32f407xx.o(.text)
    OTG_FS_IRQHandler                        0x0800024b   Thumb Code     0  startup_stm32f407xx.o(.text)
    OTG_FS_WKUP_IRQHandler                   0x0800024b   Thumb Code     0  startup_stm32f407xx.o(.text)
    OTG_HS_EP1_IN_IRQHandler                 0x0800024b   Thumb Code     0  startup_stm32f407xx.o(.text)
    OTG_HS_EP1_OUT_IRQHandler                0x0800024b   Thumb Code     0  startup_stm32f407xx.o(.text)
    OTG_HS_IRQHandler                        0x0800024b   Thumb Code     0  startup_stm32f407xx.o(.text)
    OTG_HS_WKUP_IRQHandler                   0x0800024b   Thumb Code     0  startup_stm32f407xx.o(.text)
    PVD_IRQHandler                           0x0800024b   Thumb Code     0  startup_stm32f407xx.o(.text)
    RCC_IRQHandler                           0x0800024b   Thumb Code     0  startup_stm32f407xx.o(.text)
    RTC_Alarm_IRQHandler                     0x0800024b   Thumb Code     0  startup_stm32f407xx.o(.text)
    RTC_WKUP_IRQHandler                      0x0800024b   Thumb Code     0  startup_stm32f407xx.o(.text)
    SDIO_IRQHandler                          0x0800024b   Thumb Code     0  startup_stm32f407xx.o(.text)
    SPI1_IRQHandler                          0x0800024b   Thumb Code     0  startup_stm32f407xx.o(.text)
    SPI2_IRQHandler                          0x0800024b   Thumb Code     0  startup_stm32f407xx.o(.text)
    SPI3_IRQHandler                          0x0800024b   Thumb Code     0  startup_stm32f407xx.o(.text)
    TAMP_STAMP_IRQHandler                    0x0800024b   Thumb Code     0  startup_stm32f407xx.o(.text)
    TIM1_BRK_TIM9_IRQHandler                 0x0800024b   Thumb Code     0  startup_stm32f407xx.o(.text)
    TIM1_CC_IRQHandler                       0x0800024b   Thumb Code     0  startup_stm32f407xx.o(.text)
    TIM1_TRG_COM_TIM11_IRQHandler            0x0800024b   Thumb Code     0  startup_stm32f407xx.o(.text)
    TIM1_UP_TIM10_IRQHandler                 0x0800024b   Thumb Code     0  startup_stm32f407xx.o(.text)
    TIM2_IRQHandler                          0x0800024b   Thumb Code     0  startup_stm32f407xx.o(.text)
    TIM3_IRQHandler                          0x0800024b   Thumb Code     0  startup_stm32f407xx.o(.text)
    TIM4_IRQHandler                          0x0800024b   Thumb Code     0  startup_stm32f407xx.o(.text)
    TIM5_IRQHandler                          0x0800024b   Thumb Code     0  startup_stm32f407xx.o(.text)
    TIM6_DAC_IRQHandler                      0x0800024b   Thumb Code     0  startup_stm32f407xx.o(.text)
    TIM7_IRQHandler                          0x0800024b   Thumb Code     0  startup_stm32f407xx.o(.text)
    TIM8_BRK_TIM12_IRQHandler                0x0800024b   Thumb Code     0  startup_stm32f407xx.o(.text)
    TIM8_CC_IRQHandler                       0x0800024b   Thumb Code     0  startup_stm32f407xx.o(.text)
    TIM8_TRG_COM_TIM14_IRQHandler            0x0800024b   Thumb Code     0  startup_stm32f407xx.o(.text)
    TIM8_UP_TIM13_IRQHandler                 0x0800024b   Thumb Code     0  startup_stm32f407xx.o(.text)
    UART4_IRQHandler                         0x0800024b   Thumb Code     0  startup_stm32f407xx.o(.text)
    UART5_IRQHandler                         0x0800024b   Thumb Code     0  startup_stm32f407xx.o(.text)
    USART1_IRQHandler                        0x0800024b   Thumb Code     0  startup_stm32f407xx.o(.text)
    USART2_IRQHandler                        0x0800024b   Thumb Code     0  startup_stm32f407xx.o(.text)
    USART3_IRQHandler                        0x0800024b   Thumb Code     0  startup_stm32f407xx.o(.text)
    USART6_IRQHandler                        0x0800024b   Thumb Code     0  startup_stm32f407xx.o(.text)
    WWDG_IRQHandler                          0x0800024b   Thumb Code     0  startup_stm32f407xx.o(.text)
    __user_initial_stackheap                 0x0800024d   Thumb Code     0  startup_stm32f407xx.o(.text)
    __aeabi_uldivmod                         0x08000271   Thumb Code     0  lludivv7m.o(.text)
    _ll_udiv                                 0x08000271   Thumb Code   238  lludivv7m.o(.text)
    __2snprintf                              0x08000361   Thumb Code    48  noretval__2snprintf.o(.text)
    _printf_int_dec                          0x08000395   Thumb Code   104  _printf_dec.o(.text)
    __printf                                 0x0800040d   Thumb Code   352  __printf_ss_wp.o(.text)
    __aeabi_memset                           0x0800056d   Thumb Code    16  aeabi_memset.o(.text)
    __aeabi_memclr4                          0x0800057d   Thumb Code     0  rt_memclr_w.o(.text)
    __aeabi_memclr8                          0x0800057d   Thumb Code     0  rt_memclr_w.o(.text)
    __rt_memclr_w                            0x0800057d   Thumb Code    78  rt_memclr_w.o(.text)
    _memset_w                                0x08000581   Thumb Code     0  rt_memclr_w.o(.text)
    __use_two_region_memory                  0x080005cb   Thumb Code     2  heapauxi.o(.text)
    __rt_heap_escrow$2region                 0x080005cd   Thumb Code     2  heapauxi.o(.text)
    __rt_heap_expand$2region                 0x080005cf   Thumb Code     2  heapauxi.o(.text)
    _printf_int_common                       0x080005d1   Thumb Code   178  _printf_intcommon.o(.text)
    _printf_char_common                      0x0800068f   Thumb Code    32  _printf_char_common.o(.text)
    _sputc                                   0x080006b5   Thumb Code    10  _sputc.o(.text)
    _snputc                                  0x080006bf   Thumb Code    16  _snputc.o(.text)
    __aeabi_memclr                           0x080006cf   Thumb Code     0  rt_memclr.o(.text)
    __rt_memclr                              0x080006cf   Thumb Code    68  rt_memclr.o(.text)
    _memset                                  0x080006d3   Thumb Code     0  rt_memclr.o(.text)
    __user_libspace                          0x08000715   Thumb Code     8  libspace.o(.text)
    __user_perproc_libspace                  0x08000715   Thumb Code     0  libspace.o(.text)
    __user_perthread_libspace                0x08000715   Thumb Code     0  libspace.o(.text)
    __user_setup_stackheap                   0x0800071d   Thumb Code    74  sys_stackheap_outer.o(.text)
    exit                                     0x08000767   Thumb Code    18  exit.o(.text)
    _sys_exit                                0x08000779   Thumb Code     8  sys_exit.o(.text)
    __I$use$semihosting                      0x08000785   Thumb Code     0  use_no_semi.o(.text)
    __use_no_semihosting_swi                 0x08000785   Thumb Code     2  use_no_semi.o(.text)
    __semihosting_library_function           0x08000787   Thumb Code     0  indicate_semi.o(.text)
    BusFault_Handler                         0x080008b1   Thumb Code     2  stm32f4xx_it.o(i.BusFault_Handler)
    Calibarate_Sensors                       0x080008b5   Thumb Code    32  menu_router.o(i.Calibarate_Sensors)
    ConvertADCtoMM                           0x080008e1   Thumb Code   152  sensorcalib.o(i.ConvertADCtoMM)
    DebugMon_Handler                         0x08000981   Thumb Code     2  stm32f4xx_it.o(i.DebugMon_Handler)
    Error_Handler                            0x08000983   Thumb Code     4  main.o(i.Error_Handler)
    HAL_ADC_ConfigChannel                    0x08000989   Thumb Code   316  stm32f4xx_hal_adc.o(i.HAL_ADC_ConfigChannel)
    HAL_ADC_GetValue                         0x08000ad5   Thumb Code     6  stm32f4xx_hal_adc.o(i.HAL_ADC_GetValue)
    HAL_ADC_Init                             0x08000adb   Thumb Code    84  stm32f4xx_hal_adc.o(i.HAL_ADC_Init)
    HAL_ADC_MspInit                          0x08000b31   Thumb Code    84  adc.o(i.HAL_ADC_MspInit)
    HAL_ADC_PollForConversion                0x08000b91   Thumb Code   170  stm32f4xx_hal_adc.o(i.HAL_ADC_PollForConversion)
    HAL_ADC_Start                            0x08000c3d   Thumb Code   228  stm32f4xx_hal_adc.o(i.HAL_ADC_Start)
    HAL_ADC_Stop                             0x08000d39   Thumb Code    60  stm32f4xx_hal_adc.o(i.HAL_ADC_Stop)
    HAL_Delay                                0x08000d75   Thumb Code    32  stm32f4xx_hal.o(i.HAL_Delay)
    HAL_GPIO_Init                            0x08000d99   Thumb Code   450  stm32f4xx_hal_gpio.o(i.HAL_GPIO_Init)
    HAL_GPIO_ReadPin                         0x08000f89   Thumb Code    10  stm32f4xx_hal_gpio.o(i.HAL_GPIO_ReadPin)
    HAL_GPIO_WritePin                        0x08000f93   Thumb Code    10  stm32f4xx_hal_gpio.o(i.HAL_GPIO_WritePin)
    HAL_GetTick                              0x08000f9d   Thumb Code     6  stm32f4xx_hal.o(i.HAL_GetTick)
    HAL_I2C_Init                             0x08000fa9   Thumb Code   376  stm32f4xx_hal_i2c.o(i.HAL_I2C_Init)
    HAL_I2C_IsDeviceReady                    0x08001131   Thumb Code   354  stm32f4xx_hal_i2c.o(i.HAL_I2C_IsDeviceReady)
    HAL_I2C_Master_Transmit                  0x0800129d   Thumb Code   290  stm32f4xx_hal_i2c.o(i.HAL_I2C_Master_Transmit)
    HAL_I2C_MspInit                          0x080013c9   Thumb Code    92  i2c.o(i.HAL_I2C_MspInit)
    HAL_IncTick                              0x08001431   Thumb Code    12  stm32f4xx_hal.o(i.HAL_IncTick)
    HAL_Init                                 0x08001441   Thumb Code    48  stm32f4xx_hal.o(i.HAL_Init)
    HAL_InitTick                             0x08001475   Thumb Code    54  stm32f4xx_hal.o(i.HAL_InitTick)
    HAL_MspInit                              0x080014b5   Thumb Code    42  stm32f4xx_hal_msp.o(i.HAL_MspInit)
    HAL_NVIC_SetPriority                     0x080014e5   Thumb Code    60  stm32f4xx_hal_cortex.o(i.HAL_NVIC_SetPriority)
    HAL_NVIC_SetPriorityGrouping             0x08001525   Thumb Code    26  stm32f4xx_hal_cortex.o(i.HAL_NVIC_SetPriorityGrouping)
    HAL_RCC_ClockConfig                      0x08001549   Thumb Code   288  stm32f4xx_hal_rcc.o(i.HAL_RCC_ClockConfig)
    HAL_RCC_GetPCLK1Freq                     0x0800167d   Thumb Code    20  stm32f4xx_hal_rcc.o(i.HAL_RCC_GetPCLK1Freq)
    HAL_RCC_GetPCLK2Freq                     0x0800169d   Thumb Code    20  stm32f4xx_hal_rcc.o(i.HAL_RCC_GetPCLK2Freq)
    HAL_RCC_GetSysClockFreq                  0x080016bd   Thumb Code    88  stm32f4xx_hal_rcc.o(i.HAL_RCC_GetSysClockFreq)
    HAL_RCC_OscConfig                        0x08001721   Thumb Code   856  stm32f4xx_hal_rcc.o(i.HAL_RCC_OscConfig)
    HAL_SYSTICK_Config                       0x08001a8d   Thumb Code    40  stm32f4xx_hal_cortex.o(i.HAL_SYSTICK_Config)
    HAL_TIMEx_ConfigBreakDeadTime            0x08001ab5   Thumb Code    84  stm32f4xx_hal_tim_ex.o(i.HAL_TIMEx_ConfigBreakDeadTime)
    HAL_TIMEx_MasterConfigSynchronization    0x08001b09   Thumb Code   116  stm32f4xx_hal_tim_ex.o(i.HAL_TIMEx_MasterConfigSynchronization)
    HAL_TIM_Encoder_Init                     0x08001b99   Thumb Code   164  stm32f4xx_hal_tim.o(i.HAL_TIM_Encoder_Init)
    HAL_TIM_Encoder_MspInit                  0x08001c3d   Thumb Code   184  tim.o(i.HAL_TIM_Encoder_MspInit)
    HAL_TIM_Encoder_Start                    0x08001d05   Thumb Code   142  stm32f4xx_hal_tim.o(i.HAL_TIM_Encoder_Start)
    HAL_TIM_MspPostInit                      0x08001d95   Thumb Code   174  tim.o(i.HAL_TIM_MspPostInit)
    HAL_TIM_PWM_ConfigChannel                0x08001e61   Thumb Code   204  stm32f4xx_hal_tim.o(i.HAL_TIM_PWM_ConfigChannel)
    HAL_TIM_PWM_Init                         0x08001f2d   Thumb Code    90  stm32f4xx_hal_tim.o(i.HAL_TIM_PWM_Init)
    HAL_TIM_PWM_MspInit                      0x08001f89   Thumb Code    78  tim.o(i.HAL_TIM_PWM_MspInit)
    HAL_TIM_PWM_Start                        0x08001fe9   Thumb Code   172  stm32f4xx_hal_tim.o(i.HAL_TIM_PWM_Start)
    HAL_UART_Init                            0x080020b1   Thumb Code   100  stm32f4xx_hal_uart.o(i.HAL_UART_Init)
    HAL_UART_MspInit                         0x08002115   Thumb Code    94  usart.o(i.HAL_UART_MspInit)
    HardFault_Handler                        0x08002181   Thumb Code     2  stm32f4xx_it.o(i.HardFault_Handler)
    INIT_All                                 0x08002449   Thumb Code   248  init.o(i.INIT_All)
    MX_ADC1_Init                             0x08002595   Thumb Code   152  adc.o(i.MX_ADC1_Init)
    MX_GPIO_Init                             0x08002639   Thumb Code   164  gpio.o(i.MX_GPIO_Init)
    MX_I2C1_Init                             0x080026ed   Thumb Code    50  i2c.o(i.MX_I2C1_Init)
    MX_TIM1_Init                             0x0800272d   Thumb Code   148  tim.o(i.MX_TIM1_Init)
    MX_TIM2_Init                             0x080027c9   Thumb Code    96  tim.o(i.MX_TIM2_Init)
    MX_TIM3_Init                             0x0800282d   Thumb Code   150  tim.o(i.MX_TIM3_Init)
    MX_TIM4_Init                             0x080028cd   Thumb Code   102  tim.o(i.MX_TIM4_Init)
    MX_TIM5_Init                             0x0800293d   Thumb Code    94  tim.o(i.MX_TIM5_Init)
    MX_UART4_Init                            0x080029a5   Thumb Code    48  usart.o(i.MX_UART4_Init)
    Maze_Run                                 0x080029dd   Thumb Code    32  menu_router.o(i.Maze_Run)
    Maze_Search                              0x08002a0d   Thumb Code    32  menu_router.o(i.Maze_Search)
    MemManage_Handler                        0x08002a3d   Thumb Code     2  stm32f4xx_it.o(i.MemManage_Handler)
    Menu_ExecuteAction                       0x08002a41   Thumb Code    86  menu_router.o(i.Menu_ExecuteAction)
    Menu_Init                                0x08002aa9   Thumb Code    14  menu.o(i.Menu_Init)
    Menu_ProcessScroll                       0x08002ab9   Thumb Code    62  menu.o(i.Menu_ProcessScroll)
    Menu_ProcessSelect                       0x08002afd   Thumb Code    88  menu.o(i.Menu_ProcessSelect)
    Menu_Render                              0x08002b59   Thumb Code   150  menu.o(i.Menu_Render)
    Menu_UpdateEncoderInputs                 0x08002c01   Thumb Code    20  menu.o(i.Menu_UpdateEncoderInputs)
    Motor_Init                               0x08002c19   Thumb Code    30  motor.o(i.Motor_Init)
    Motor_StartPWM                           0x08002c37   Thumb Code     8  motor.o(i.Motor_StartPWM)
    NMI_Handler                              0x08002c3f   Thumb Code     2  stm32f4xx_it.o(i.NMI_Handler)
    PendSV_Handler                           0x08002c41   Thumb Code     2  stm32f4xx_it.o(i.PendSV_Handler)
    SSD1306_Clear                            0x08002c43   Thumb Code    16  ssd1306.o(i.SSD1306_Clear)
    SSD1306_DrawPixel                        0x08002c55   Thumb Code    54  ssd1306.o(i.SSD1306_DrawPixel)
    SSD1306_Fill                             0x08002c95   Thumb Code    18  ssd1306.o(i.SSD1306_Fill)
    SSD1306_GotoXY                           0x08002cad   Thumb Code     8  ssd1306.o(i.SSD1306_GotoXY)
    SSD1306_Init                             0x08002cb9   Thumb Code   350  ssd1306.o(i.SSD1306_Init)
    SSD1306_Putc                             0x08002e21   Thumb Code   156  ssd1306.o(i.SSD1306_Putc)
    SSD1306_Puts                             0x08002ec1   Thumb Code    40  ssd1306.o(i.SSD1306_Puts)
    SSD1306_UpdateScreen                     0x08002ee9   Thumb Code    64  ssd1306.o(i.SSD1306_UpdateScreen)
    SVC_Handler                              0x08002f2d   Thumb Code     2  stm32f4xx_it.o(i.SVC_Handler)
    Sensor_GetDistance                       0x08002f2f   Thumb Code    60  sensor.o(i.Sensor_GetDistance)
    Sensor_GetReadings                       0x08002f6d   Thumb Code   220  sensor.o(i.Sensor_GetReadings)
    Sensor_Init                              0x08003051   Thumb Code    56  sensor.o(i.Sensor_Init)
    SetPID                                   0x0800308d   Thumb Code    32  menu_router.o(i.SetPID)
    SysTick_Handler                          0x080030b9   Thumb Code     4  stm32f4xx_it.o(i.SysTick_Handler)
    SystemClock_Config                       0x080030bd   Thumb Code   140  main.o(i.SystemClock_Config)
    SystemInit                               0x08003151   Thumb Code    12  system_stm32f4xx.o(i.SystemInit)
    TIM_Base_SetConfig                       0x08003161   Thumb Code   170  stm32f4xx_hal_tim.o(i.TIM_Base_SetConfig)
    TIM_CCxChannelCmd                        0x08003239   Thumb Code    26  stm32f4xx_hal_tim.o(i.TIM_CCxChannelCmd)
    TIM_OC2_SetConfig                        0x080032b5   Thumb Code    98  stm32f4xx_hal_tim.o(i.TIM_OC2_SetConfig)
    TestUtility                              0x080033d9   Thumb Code   152  menu_router.o(i.TestUtility)
    UsageFault_Handler                       0x080035bd   Thumb Code     2  stm32f4xx_it.o(i.UsageFault_Handler)
    _is_digit                                0x080035df   Thumb Code    14  __printf_wp.o(i._is_digit)
    main                                     0x080035ed   Thumb Code    88  main.o(i.main)
    ssd1306_I2C_Init                         0x0800364d   Thumb Code     8  ssd1306.o(i.ssd1306_I2C_Init)
    ssd1306_I2C_Write                        0x08003659   Thumb Code    28  ssd1306.o(i.ssd1306_I2C_Write)
    ssd1306_I2C_WriteMulti                   0x08003679   Thumb Code    50  ssd1306.o(i.ssd1306_I2C_WriteMulti)
    _fp_init                                 0x080036b1   Thumb Code    10  fpinit.o(x$fpl$fpinit)
    __fplib_config_fpu_vfp                   0x080036b9   Thumb Code     0  fpinit.o(x$fpl$fpinit)
    __fplib_config_pureend_doubles           0x080036b9   Thumb Code     0  fpinit.o(x$fpl$fpinit)
    Font7x10                                 0x080036ba   Data        1900  fonts.o(.constdata)
    AHBPrescTable                            0x08003ebc   Data          16  system_stm32f4xx.o(.constdata)
    APBPrescTable                            0x08003ecc   Data           8  system_stm32f4xx.o(.constdata)
    Region$$Table$$Base                      0x08003f54   Number         0  anon$$obj.o(Region$$Table)
    Region$$Table$$Limit                     0x08003f74   Number         0  anon$$obj.o(Region$$Table)
    CalibMenu                                0x20000000   Data          64  init.o(.data)
    BootMenu                                 0x20000040   Data          80  init.o(.data)
    Font_7x10                                0x20000090   Data           8  fonts.o(.data)
    sensorDistData                           0x200000b0   Data           8  main.o(.data)
    uwTickFreq                               0x200000b8   Data           1  stm32f4xx_hal.o(.data)
    uwTickPrio                               0x200000bc   Data           4  stm32f4xx_hal.o(.data)
    uwTick                                   0x200000c0   Data           4  stm32f4xx_hal.o(.data)
    SystemCoreClock                          0x200000c4   Data           4  system_stm32f4xx.o(.data)
    leftMotor                                0x200000c8   Data          40  init.o(.bss)
    rightMotor                               0x200000f0   Data          40  init.o(.bss)
    sysMenu                                  0x20000118   Data          16  init.o(.bss)
    sensorData                               0x20000328   Data          16  main.o(.bss)
    hadc1                                    0x20000338   Data          72  adc.o(.bss)
    hi2c1                                    0x20000380   Data          84  i2c.o(.bss)
    htim1                                    0x200003d4   Data          72  tim.o(.bss)
    htim2                                    0x2000041c   Data          72  tim.o(.bss)
    htim3                                    0x20000464   Data          72  tim.o(.bss)
    htim4                                    0x200004ac   Data          72  tim.o(.bss)
    htim5                                    0x200004f4   Data          72  tim.o(.bss)
    huart4                                   0x2000053c   Data          72  usart.o(.bss)
    __libspace_start                         0x200005c4   Data          96  libspace.o(.bss)
    __temporary_stack_top$libspace           0x20000624   Data           0  libspace.o(.bss)



==============================================================================

Memory Map of the image

  Image Entry point : 0x08000189

  Load Region LR_IROM1 (Base: 0x08000000, Size: 0x0000403c, Max: 0x00080000, ABSOLUTE)

    Execution Region ER_IROM1 (Exec base: 0x08000000, Load base: 0x08000000, Size: 0x00003f74, Max: 0x00080000, ABSOLUTE)

    Exec Addr    Load Addr    Size         Type   Attr      Idx    E Section Name        Object

    0x08000000   0x08000000   0x00000188   Data   RO            3    RESET               startup_stm32f407xx.o
    0x08000188   0x08000188   0x00000008   Code   RO         4320  * !!!main             c_w.l(__main.o)
    0x08000190   0x08000190   0x00000034   Code   RO         4688    !!!scatter          c_w.l(__scatter.o)
    0x080001c4   0x080001c4   0x0000001a   Code   RO         4690    !!handler_copy      c_w.l(__scatter_copy.o)
    0x080001de   0x080001de   0x00000002   PAD
    0x080001e0   0x080001e0   0x0000001c   Code   RO         4692    !!handler_zi        c_w.l(__scatter_zi.o)
    0x080001fc   0x080001fc   0x00000000   Code   RO         4311    .ARM.Collect$$_printf_percent$$00000000  c_w.l(_printf_percent.o)
    0x080001fc   0x080001fc   0x00000006   Code   RO         4309    .ARM.Collect$$_printf_percent$$0000000A  c_w.l(_printf_u.o)
    0x08000202   0x08000202   0x00000004   Code   RO         4405    .ARM.Collect$$_printf_percent$$00000017  c_w.l(_printf_percent_end.o)
    0x08000206   0x08000206   0x00000002   Code   RO         4555    .ARM.Collect$$libinit$$00000000  c_w.l(libinit.o)
    0x08000208   0x08000208   0x00000004   Code   RO         4556    .ARM.Collect$$libinit$$00000001  c_w.l(libinit2.o)
    0x0800020c   0x0800020c   0x00000000   Code   RO         4559    .ARM.Collect$$libinit$$00000004  c_w.l(libinit2.o)
    0x0800020c   0x0800020c   0x00000000   Code   RO         4562    .ARM.Collect$$libinit$$0000000A  c_w.l(libinit2.o)
    0x0800020c   0x0800020c   0x00000000   Code   RO         4564    .ARM.Collect$$libinit$$0000000C  c_w.l(libinit2.o)
    0x0800020c   0x0800020c   0x00000000   Code   RO         4566    .ARM.Collect$$libinit$$0000000E  c_w.l(libinit2.o)
    0x0800020c   0x0800020c   0x00000000   Code   RO         4569    .ARM.Collect$$libinit$$00000011  c_w.l(libinit2.o)
    0x0800020c   0x0800020c   0x00000000   Code   RO         4571    .ARM.Collect$$libinit$$00000013  c_w.l(libinit2.o)
    0x0800020c   0x0800020c   0x00000000   Code   RO         4573    .ARM.Collect$$libinit$$00000015  c_w.l(libinit2.o)
    0x0800020c   0x0800020c   0x00000000   Code   RO         4575    .ARM.Collect$$libinit$$00000017  c_w.l(libinit2.o)
    0x0800020c   0x0800020c   0x00000000   Code   RO         4577    .ARM.Collect$$libinit$$00000019  c_w.l(libinit2.o)
    0x0800020c   0x0800020c   0x00000000   Code   RO         4579    .ARM.Collect$$libinit$$0000001B  c_w.l(libinit2.o)
    0x0800020c   0x0800020c   0x00000000   Code   RO         4581    .ARM.Collect$$libinit$$0000001D  c_w.l(libinit2.o)
    0x0800020c   0x0800020c   0x00000000   Code   RO         4583    .ARM.Collect$$libinit$$0000001F  c_w.l(libinit2.o)
    0x0800020c   0x0800020c   0x00000000   Code   RO         4585    .ARM.Collect$$libinit$$00000021  c_w.l(libinit2.o)
    0x0800020c   0x0800020c   0x00000000   Code   RO         4587    .ARM.Collect$$libinit$$00000023  c_w.l(libinit2.o)
    0x0800020c   0x0800020c   0x00000000   Code   RO         4589    .ARM.Collect$$libinit$$00000025  c_w.l(libinit2.o)
    0x0800020c   0x0800020c   0x00000000   Code   RO         4593    .ARM.Collect$$libinit$$0000002C  c_w.l(libinit2.o)
    0x0800020c   0x0800020c   0x00000000   Code   RO         4595    .ARM.Collect$$libinit$$0000002E  c_w.l(libinit2.o)
    0x0800020c   0x0800020c   0x00000000   Code   RO         4597    .ARM.Collect$$libinit$$00000030  c_w.l(libinit2.o)
    0x0800020c   0x0800020c   0x00000000   Code   RO         4599    .ARM.Collect$$libinit$$00000032  c_w.l(libinit2.o)
    0x0800020c   0x0800020c   0x00000002   Code   RO         4600    .ARM.Collect$$libinit$$00000033  c_w.l(libinit2.o)
    0x0800020e   0x0800020e   0x00000002   Code   RO         4651    .ARM.Collect$$libshutdown$$00000000  c_w.l(libshutdown.o)
    0x08000210   0x08000210   0x00000000   Code   RO         4669    .ARM.Collect$$libshutdown$$00000002  c_w.l(libshutdown2.o)
    0x08000210   0x08000210   0x00000000   Code   RO         4671    .ARM.Collect$$libshutdown$$00000004  c_w.l(libshutdown2.o)
    0x08000210   0x08000210   0x00000000   Code   RO         4673    .ARM.Collect$$libshutdown$$00000006  c_w.l(libshutdown2.o)
    0x08000210   0x08000210   0x00000000   Code   RO         4676    .ARM.Collect$$libshutdown$$00000009  c_w.l(libshutdown2.o)
    0x08000210   0x08000210   0x00000000   Code   RO         4679    .ARM.Collect$$libshutdown$$0000000C  c_w.l(libshutdown2.o)
    0x08000210   0x08000210   0x00000000   Code   RO         4681    .ARM.Collect$$libshutdown$$0000000E  c_w.l(libshutdown2.o)
    0x08000210   0x08000210   0x00000000   Code   RO         4684    .ARM.Collect$$libshutdown$$00000011  c_w.l(libshutdown2.o)
    0x08000210   0x08000210   0x00000002   Code   RO         4685    .ARM.Collect$$libshutdown$$00000012  c_w.l(libshutdown2.o)
    0x08000212   0x08000212   0x00000000   Code   RO         4388    .ARM.Collect$$rtentry$$00000000  c_w.l(__rtentry.o)
    0x08000212   0x08000212   0x00000000   Code   RO         4471    .ARM.Collect$$rtentry$$00000002  c_w.l(__rtentry2.o)
    0x08000212   0x08000212   0x00000006   Code   RO         4483    .ARM.Collect$$rtentry$$00000004  c_w.l(__rtentry4.o)
    0x08000218   0x08000218   0x00000000   Code   RO         4473    .ARM.Collect$$rtentry$$00000009  c_w.l(__rtentry2.o)
    0x08000218   0x08000218   0x00000004   Code   RO         4474    .ARM.Collect$$rtentry$$0000000A  c_w.l(__rtentry2.o)
    0x0800021c   0x0800021c   0x00000000   Code   RO         4476    .ARM.Collect$$rtentry$$0000000C  c_w.l(__rtentry2.o)
    0x0800021c   0x0800021c   0x00000008   Code   RO         4477    .ARM.Collect$$rtentry$$0000000D  c_w.l(__rtentry2.o)
    0x08000224   0x08000224   0x00000002   Code   RO         4603    .ARM.Collect$$rtexit$$00000000  c_w.l(rtexit.o)
    0x08000226   0x08000226   0x00000000   Code   RO         4620    .ARM.Collect$$rtexit$$00000002  c_w.l(rtexit2.o)
    0x08000226   0x08000226   0x00000004   Code   RO         4621    .ARM.Collect$$rtexit$$00000003  c_w.l(rtexit2.o)
    0x0800022a   0x0800022a   0x00000006   Code   RO         4622    .ARM.Collect$$rtexit$$00000004  c_w.l(rtexit2.o)
    0x08000230   0x08000230   0x00000040   Code   RO            4    .text               startup_stm32f407xx.o
    0x08000270   0x08000270   0x000000ee   Code   RO         4279    .text               c_w.l(lludivv7m.o)
    0x0800035e   0x0800035e   0x00000002   PAD
    0x08000360   0x08000360   0x00000034   Code   RO         4283    .text               c_w.l(noretval__2snprintf.o)
    0x08000394   0x08000394   0x00000078   Code   RO         4287    .text               c_w.l(_printf_dec.o)
    0x0800040c   0x0800040c   0x00000160   Code   RO         4304    .text               c_w.l(__printf_ss_wp.o)
    0x0800056c   0x0800056c   0x00000010   Code   RO         4314    .text               c_w.l(aeabi_memset.o)
    0x0800057c   0x0800057c   0x0000004e   Code   RO         4316    .text               c_w.l(rt_memclr_w.o)
    0x080005ca   0x080005ca   0x00000006   Code   RO         4318    .text               c_w.l(heapauxi.o)
    0x080005d0   0x080005d0   0x000000b2   Code   RO         4395    .text               c_w.l(_printf_intcommon.o)
    0x08000682   0x08000682   0x00000002   PAD
    0x08000684   0x08000684   0x00000030   Code   RO         4399    .text               c_w.l(_printf_char_common.o)
    0x080006b4   0x080006b4   0x0000000a   Code   RO         4401    .text               c_w.l(_sputc.o)
    0x080006be   0x080006be   0x00000010   Code   RO         4403    .text               c_w.l(_snputc.o)
    0x080006ce   0x080006ce   0x00000044   Code   RO         4406    .text               c_w.l(rt_memclr.o)
    0x08000712   0x08000712   0x00000002   PAD
    0x08000714   0x08000714   0x00000008   Code   RO         4537    .text               c_w.l(libspace.o)
    0x0800071c   0x0800071c   0x0000004a   Code   RO         4540    .text               c_w.l(sys_stackheap_outer.o)
    0x08000766   0x08000766   0x00000012   Code   RO         4542    .text               c_w.l(exit.o)
    0x08000778   0x08000778   0x0000000c   Code   RO         4617    .text               c_w.l(sys_exit.o)
    0x08000784   0x08000784   0x00000002   Code   RO         4638    .text               c_w.l(use_no_semi.o)
    0x08000786   0x08000786   0x00000000   Code   RO         4640    .text               c_w.l(indicate_semi.o)
    0x08000786   0x08000786   0x00000002   PAD
    0x08000788   0x08000788   0x00000128   Code   RO         1026    i.ADC_Init          stm32f4xx_hal_adc.o
    0x080008b0   0x080008b0   0x00000002   Code   RO          903    i.BusFault_Handler  stm32f4xx_it.o
    0x080008b2   0x080008b2   0x00000002   PAD
    0x080008b4   0x080008b4   0x0000002c   Code   RO          557    i.Calibarate_Sensors  menu_router.o
    0x080008e0   0x080008e0   0x000000a0   Code   RO          999    i.ConvertADCtoMM    sensorcalib.o
    0x08000980   0x08000980   0x00000002   Code   RO          904    i.DebugMon_Handler  stm32f4xx_it.o
    0x08000982   0x08000982   0x00000004   Code   RO          608    i.Error_Handler     main.o
    0x08000986   0x08000986   0x00000002   PAD
    0x08000988   0x08000988   0x0000014c   Code   RO         1028    i.HAL_ADC_ConfigChannel  stm32f4xx_hal_adc.o
    0x08000ad4   0x08000ad4   0x00000006   Code   RO         1035    i.HAL_ADC_GetValue  stm32f4xx_hal_adc.o
    0x08000ada   0x08000ada   0x00000054   Code   RO         1037    i.HAL_ADC_Init      stm32f4xx_hal_adc.o
    0x08000b2e   0x08000b2e   0x00000002   PAD
    0x08000b30   0x08000b30   0x00000060   Code   RO          694    i.HAL_ADC_MspInit   adc.o
    0x08000b90   0x08000b90   0x000000aa   Code   RO         1041    i.HAL_ADC_PollForConversion  stm32f4xx_hal_adc.o
    0x08000c3a   0x08000c3a   0x00000002   PAD
    0x08000c3c   0x08000c3c   0x000000fc   Code   RO         1043    i.HAL_ADC_Start     stm32f4xx_hal_adc.o
    0x08000d38   0x08000d38   0x0000003c   Code   RO         1046    i.HAL_ADC_Stop      stm32f4xx_hal_adc.o
    0x08000d74   0x08000d74   0x00000024   Code   RO         2200    i.HAL_Delay         stm32f4xx_hal.o
    0x08000d98   0x08000d98   0x000001f0   Code   RO         1656    i.HAL_GPIO_Init     stm32f4xx_hal_gpio.o
    0x08000f88   0x08000f88   0x0000000a   Code   RO         1658    i.HAL_GPIO_ReadPin  stm32f4xx_hal_gpio.o
    0x08000f92   0x08000f92   0x0000000a   Code   RO         1660    i.HAL_GPIO_WritePin  stm32f4xx_hal_gpio.o
    0x08000f9c   0x08000f9c   0x0000000c   Code   RO         2206    i.HAL_GetTick       stm32f4xx_hal.o
    0x08000fa8   0x08000fa8   0x00000188   Code   RO         2462    i.HAL_I2C_Init      stm32f4xx_hal_i2c.o
    0x08001130   0x08001130   0x0000016c   Code   RO         2463    i.HAL_I2C_IsDeviceReady  stm32f4xx_hal_i2c.o
    0x0800129c   0x0800129c   0x0000012c   Code   RO         2475    i.HAL_I2C_Master_Transmit  stm32f4xx_hal_i2c.o
    0x080013c8   0x080013c8   0x00000068   Code   RO          736    i.HAL_I2C_MspInit   i2c.o
    0x08001430   0x08001430   0x00000010   Code   RO         2212    i.HAL_IncTick       stm32f4xx_hal.o
    0x08001440   0x08001440   0x00000034   Code   RO         2213    i.HAL_Init          stm32f4xx_hal.o
    0x08001474   0x08001474   0x00000040   Code   RO         2214    i.HAL_InitTick      stm32f4xx_hal.o
    0x080014b4   0x080014b4   0x00000030   Code   RO          978    i.HAL_MspInit       stm32f4xx_hal_msp.o
    0x080014e4   0x080014e4   0x00000040   Code   RO         2054    i.HAL_NVIC_SetPriority  stm32f4xx_hal_cortex.o
    0x08001524   0x08001524   0x00000024   Code   RO         2055    i.HAL_NVIC_SetPriorityGrouping  stm32f4xx_hal_cortex.o
    0x08001548   0x08001548   0x00000134   Code   RO         1302    i.HAL_RCC_ClockConfig  stm32f4xx_hal_rcc.o
    0x0800167c   0x0800167c   0x00000020   Code   RO         1309    i.HAL_RCC_GetPCLK1Freq  stm32f4xx_hal_rcc.o
    0x0800169c   0x0800169c   0x00000020   Code   RO         1310    i.HAL_RCC_GetPCLK2Freq  stm32f4xx_hal_rcc.o
    0x080016bc   0x080016bc   0x00000064   Code   RO         1311    i.HAL_RCC_GetSysClockFreq  stm32f4xx_hal_rcc.o
    0x08001720   0x08001720   0x0000036c   Code   RO         1314    i.HAL_RCC_OscConfig  stm32f4xx_hal_rcc.o
    0x08001a8c   0x08001a8c   0x00000028   Code   RO         2059    i.HAL_SYSTICK_Config  stm32f4xx_hal_cortex.o
    0x08001ab4   0x08001ab4   0x00000054   Code   RO         3615    i.HAL_TIMEx_ConfigBreakDeadTime  stm32f4xx_hal_tim_ex.o
    0x08001b08   0x08001b08   0x00000090   Code   RO         3631    i.HAL_TIMEx_MasterConfigSynchronization  stm32f4xx_hal_tim_ex.o
    0x08001b98   0x08001b98   0x000000a4   Code   RO         2929    i.HAL_TIM_Encoder_Init  stm32f4xx_hal_tim.o
    0x08001c3c   0x08001c3c   0x000000c8   Code   RO          778    i.HAL_TIM_Encoder_MspInit  tim.o
    0x08001d04   0x08001d04   0x0000008e   Code   RO         2932    i.HAL_TIM_Encoder_Start  stm32f4xx_hal_tim.o
    0x08001d92   0x08001d92   0x00000002   PAD
    0x08001d94   0x08001d94   0x000000cc   Code   RO          779    i.HAL_TIM_MspPostInit  tim.o
    0x08001e60   0x08001e60   0x000000cc   Code   RO         2980    i.HAL_TIM_PWM_ConfigChannel  stm32f4xx_hal_tim.o
    0x08001f2c   0x08001f2c   0x0000005a   Code   RO         2983    i.HAL_TIM_PWM_Init  stm32f4xx_hal_tim.o
    0x08001f86   0x08001f86   0x00000002   PAD
    0x08001f88   0x08001f88   0x00000060   Code   RO          781    i.HAL_TIM_PWM_MspInit  tim.o
    0x08001fe8   0x08001fe8   0x000000c8   Code   RO         2988    i.HAL_TIM_PWM_Start  stm32f4xx_hal_tim.o
    0x080020b0   0x080020b0   0x00000064   Code   RO         3909    i.HAL_UART_Init     stm32f4xx_hal_uart.o
    0x08002114   0x08002114   0x0000006c   Code   RO          862    i.HAL_UART_MspInit  usart.o
    0x08002180   0x08002180   0x00000002   Code   RO          905    i.HardFault_Handler  stm32f4xx_it.o
    0x08002182   0x08002182   0x0000002e   Code   RO         2505    i.I2C_IsAcknowledgeFailed  stm32f4xx_hal_i2c.o
    0x080021b0   0x080021b0   0x0000009c   Code   RO         2509    i.I2C_MasterRequestWrite  stm32f4xx_hal_i2c.o
    0x0800224c   0x0800224c   0x00000056   Code   RO         2520    i.I2C_WaitOnBTFFlagUntilTimeout  stm32f4xx_hal_i2c.o
    0x080022a2   0x080022a2   0x00000002   PAD
    0x080022a4   0x080022a4   0x00000090   Code   RO         2521    i.I2C_WaitOnFlagUntilTimeout  stm32f4xx_hal_i2c.o
    0x08002334   0x08002334   0x000000bc   Code   RO         2522    i.I2C_WaitOnMasterAddressFlagUntilTimeout  stm32f4xx_hal_i2c.o
    0x080023f0   0x080023f0   0x00000056   Code   RO         2524    i.I2C_WaitOnTXEFlagUntilTimeout  stm32f4xx_hal_i2c.o
    0x08002446   0x08002446   0x00000002   PAD
    0x08002448   0x08002448   0x0000014c   Code   RO           13    i.INIT_All          init.o
    0x08002594   0x08002594   0x000000a4   Code   RO          695    i.MX_ADC1_Init      adc.o
    0x08002638   0x08002638   0x000000b4   Code   RO          669    i.MX_GPIO_Init      gpio.o
    0x080026ec   0x080026ec   0x00000040   Code   RO          737    i.MX_I2C1_Init      i2c.o
    0x0800272c   0x0800272c   0x0000009c   Code   RO          782    i.MX_TIM1_Init      tim.o
    0x080027c8   0x080027c8   0x00000064   Code   RO          783    i.MX_TIM2_Init      tim.o
    0x0800282c   0x0800282c   0x000000a0   Code   RO          784    i.MX_TIM3_Init      tim.o
    0x080028cc   0x080028cc   0x00000070   Code   RO          785    i.MX_TIM4_Init      tim.o
    0x0800293c   0x0800293c   0x00000068   Code   RO          786    i.MX_TIM5_Init      tim.o
    0x080029a4   0x080029a4   0x00000038   Code   RO          863    i.MX_UART4_Init     usart.o
    0x080029dc   0x080029dc   0x00000030   Code   RO          558    i.Maze_Run          menu_router.o
    0x08002a0c   0x08002a0c   0x00000030   Code   RO          559    i.Maze_Search       menu_router.o
    0x08002a3c   0x08002a3c   0x00000002   Code   RO          906    i.MemManage_Handler  stm32f4xx_it.o
    0x08002a3e   0x08002a3e   0x00000002   PAD
    0x08002a40   0x08002a40   0x00000068   Code   RO          560    i.Menu_ExecuteAction  menu_router.o
    0x08002aa8   0x08002aa8   0x0000000e   Code   RO          504    i.Menu_Init         menu.o
    0x08002ab6   0x08002ab6   0x00000002   PAD
    0x08002ab8   0x08002ab8   0x00000044   Code   RO          505    i.Menu_ProcessScroll  menu.o
    0x08002afc   0x08002afc   0x0000005c   Code   RO          506    i.Menu_ProcessSelect  menu.o
    0x08002b58   0x08002b58   0x000000a8   Code   RO          507    i.Menu_Render       menu.o
    0x08002c00   0x08002c00   0x00000018   Code   RO          508    i.Menu_UpdateEncoderInputs  menu.o
    0x08002c18   0x08002c18   0x0000001e   Code   RO          220    i.Motor_Init        motor.o
    0x08002c36   0x08002c36   0x00000008   Code   RO          221    i.Motor_StartPWM    motor.o
    0x08002c3e   0x08002c3e   0x00000002   Code   RO          907    i.NMI_Handler       stm32f4xx_it.o
    0x08002c40   0x08002c40   0x00000002   Code   RO          908    i.PendSV_Handler    stm32f4xx_it.o
    0x08002c42   0x08002c42   0x00000010   Code   RO          296    i.SSD1306_Clear     ssd1306.o
    0x08002c52   0x08002c52   0x00000002   PAD
    0x08002c54   0x08002c54   0x00000040   Code   RO          303    i.SSD1306_DrawPixel  ssd1306.o
    0x08002c94   0x08002c94   0x00000018   Code   RO          306    i.SSD1306_Fill      ssd1306.o
    0x08002cac   0x08002cac   0x0000000c   Code   RO          307    i.SSD1306_GotoXY    ssd1306.o
    0x08002cb8   0x08002cb8   0x00000168   Code   RO          308    i.SSD1306_Init      ssd1306.o
    0x08002e20   0x08002e20   0x000000a0   Code   RO          313    i.SSD1306_Putc      ssd1306.o
    0x08002ec0   0x08002ec0   0x00000028   Code   RO          314    i.SSD1306_Puts      ssd1306.o
    0x08002ee8   0x08002ee8   0x00000044   Code   RO          321    i.SSD1306_UpdateScreen  ssd1306.o
    0x08002f2c   0x08002f2c   0x00000002   Code   RO          909    i.SVC_Handler       stm32f4xx_it.o
    0x08002f2e   0x08002f2e   0x0000003c   Code   RO          256    i.Sensor_GetDistance  sensor.o
    0x08002f6a   0x08002f6a   0x00000002   PAD
    0x08002f6c   0x08002f6c   0x000000e4   Code   RO          257    i.Sensor_GetReadings  sensor.o
    0x08003050   0x08003050   0x0000003c   Code   RO          258    i.Sensor_Init       sensor.o
    0x0800308c   0x0800308c   0x0000002c   Code   RO          561    i.SetPID            menu_router.o
    0x080030b8   0x080030b8   0x00000004   Code   RO          910    i.SysTick_Handler   stm32f4xx_it.o
    0x080030bc   0x080030bc   0x00000094   Code   RO          609    i.SystemClock_Config  main.o
    0x08003150   0x08003150   0x00000010   Code   RO         4243    i.SystemInit        system_stm32f4xx.o
    0x08003160   0x08003160   0x000000d8   Code   RO         3001    i.TIM_Base_SetConfig  stm32f4xx_hal_tim.o
    0x08003238   0x08003238   0x0000001a   Code   RO         3002    i.TIM_CCxChannelCmd  stm32f4xx_hal_tim.o
    0x08003252   0x08003252   0x00000002   PAD
    0x08003254   0x08003254   0x00000060   Code   RO         3014    i.TIM_OC1_SetConfig  stm32f4xx_hal_tim.o
    0x080032b4   0x080032b4   0x0000006c   Code   RO         3015    i.TIM_OC2_SetConfig  stm32f4xx_hal_tim.o
    0x08003320   0x08003320   0x00000068   Code   RO         3016    i.TIM_OC3_SetConfig  stm32f4xx_hal_tim.o
    0x08003388   0x08003388   0x00000050   Code   RO         3017    i.TIM_OC4_SetConfig  stm32f4xx_hal_tim.o
    0x080033d8   0x080033d8   0x000000d8   Code   RO          562    i.TestUtility       menu_router.o
    0x080034b0   0x080034b0   0x0000010c   Code   RO         3935    i.UART_SetConfig    stm32f4xx_hal_uart.o
    0x080035bc   0x080035bc   0x00000002   Code   RO          911    i.UsageFault_Handler  stm32f4xx_it.o
    0x080035be   0x080035be   0x00000020   Code   RO         2061    i.__NVIC_SetPriority  stm32f4xx_hal_cortex.o
    0x080035de   0x080035de   0x0000000e   Code   RO         4299    i._is_digit         c_w.l(__printf_wp.o)
    0x080035ec   0x080035ec   0x00000060   Code   RO          610    i.main              main.o
    0x0800364c   0x0800364c   0x0000000c   Code   RO          323    i.ssd1306_I2C_Init  ssd1306.o
    0x08003658   0x08003658   0x00000020   Code   RO          324    i.ssd1306_I2C_Write  ssd1306.o
    0x08003678   0x08003678   0x00000038   Code   RO          325    i.ssd1306_I2C_WriteMulti  ssd1306.o
    0x080036b0   0x080036b0   0x0000000a   Code   RO         4613    x$fpl$fpinit        fz_wm.l(fpinit.o)
    0x080036ba   0x080036ba   0x0000076c   Data   RO          186    .constdata          fonts.o
    0x08003e26   0x08003e26   0x00000096   Data   RO         1002    .constdata          sensorcalib.o
    0x08003ebc   0x08003ebc   0x00000010   Data   RO         4244    .constdata          system_stm32f4xx.o
    0x08003ecc   0x08003ecc   0x00000008   Data   RO         4245    .constdata          system_stm32f4xx.o
    0x08003ed4   0x08003ed4   0x0000002d   Data   RO           15    .conststring        init.o
    0x08003f01   0x08003f01   0x00000003   PAD
    0x08003f04   0x08003f04   0x0000004d   Data   RO           16    .conststring        init.o
    0x08003f51   0x08003f51   0x00000003   PAD
    0x08003f54   0x08003f54   0x00000020   Data   RO         4686    Region$$Table       anon$$obj.o


    Execution Region RW_IRAM1 (Exec base: 0x20000000, Load base: 0x08003f74, Size: 0x00000c28, Max: 0x0001c000, ABSOLUTE)

    Exec Addr    Load Addr    Size         Type   Attr      Idx    E Section Name        Object

    0x20000000   0x08003f74   0x00000040   Data   RW           17    .data               init.o
    0x20000040   0x08003fb4   0x00000050   Data   RW           18    .data               init.o
    0x20000090   0x08004004   0x00000008   Data   RW          189    .data               fonts.o
    0x20000098   0x0800400c   0x00000010   Data   RW          328    .data               ssd1306.o
    0x200000a8   0x0800401c   0x00000008   Data   RW          509    .data               menu.o
    0x200000b0   0x08004024   0x00000008   Data   RW          613    .data               main.o
    0x200000b8   0x0800402c   0x0000000c   Data   RW         2220    .data               stm32f4xx_hal.o
    0x200000c4   0x08004038   0x00000004   Data   RW         4246    .data               system_stm32f4xx.o
    0x200000c8        -       0x00000060   Zero   RW           14    .bss                init.o
    0x20000128        -       0x00000200   Zero   RW          326    .bss                ssd1306.o
    0x20000328        -       0x00000010   Zero   RW          611    .bss                main.o
    0x20000338        -       0x00000048   Zero   RW          696    .bss                adc.o
    0x20000380        -       0x00000054   Zero   RW          738    .bss                i2c.o
    0x200003d4        -       0x00000168   Zero   RW          787    .bss                tim.o
    0x2000053c        -       0x00000048   Zero   RW          864    .bss                usart.o
    0x20000584        -       0x00000040   Zero   RW         1001    .bss                sensorcalib.o
    0x200005c4        -       0x00000060   Zero   RW         4538    .bss                c_w.l(libspace.o)
    0x20000624   0x0800403c   0x00000004   PAD
    0x20000628        -       0x00000200   Zero   RW            2    HEAP                startup_stm32f407xx.o
    0x20000828        -       0x00000400   Zero   RW            1    STACK               startup_stm32f407xx.o


    Execution Region RW_IRAM2 (Exec base: 0x2001c000, Load base: 0x0800403c, Size: 0x00000000, Max: 0x00004000, ABSOLUTE)

    **** No section assigned to this execution region ****


==============================================================================

Image component sizes


      Code (inc. data)   RO Data    RW Data    ZI Data      Debug   Object Name

       260         24          0          0         72       1701   adc.o
         0          0       1900          8          0       1187   fonts.o
       180         16          0          0          0        947   gpio.o
       168         26          0          0         84       1613   i2c.o
       332         84        122        144         96     718001   init.o
       248         16          0          8         16       2482   main.o
       366         32          0          8          0       3779   menu.o
       504        144          0          0          0       3798   menu_router.o
        38          0          0          0          0       1446   motor.o
       348         12          0          0          0       2598   sensor.o
       160          8        150          0         64       2289   sensorcalib.o
       844         52          0         16        512       8136   ssd1306.o
        64         26        392          0       1536        828   startup_stm32f407xx.o
       180         28          0         12          0       9293   stm32f4xx_hal.o
      1200         52          0          0          0       5805   stm32f4xx_hal_adc.o
       172         14          0          0          0      33086   stm32f4xx_hal_cortex.o
       516         46          0          0          0       2787   stm32f4xx_hal_gpio.o
      1762         42          0          0          0      10657   stm32f4xx_hal_i2c.o
        48          6          0          0          0        830   stm32f4xx_hal_msp.o
      1348         76          0          0          0       5144   stm32f4xx_hal_rcc.o
      1430        110          0          0          0      10257   stm32f4xx_hal_tim.o
       228         28          0          0          0       2148   stm32f4xx_hal_tim_ex.o
       368         10          0          0          0       2000   stm32f4xx_hal_uart.o
        20          0          0          0          0       4034   stm32f4xx_it.o
        16          4         24          4          0       1079   system_stm32f4xx.o
      1132        106          0          0        360       6001   tim.o
       164         22          0          0         72       1644   usart.o

    ----------------------------------------------------------------------
     12122        984       2626        200       2812     843570   Object Totals
         0          0         32          0          0          0   (incl. Generated)
        26          0          6          0          0          0   (incl. Padding)

    ----------------------------------------------------------------------

      Code (inc. data)   RO Data    RW Data    ZI Data      Debug   Library Member Name

         8          0          0          0          0         68   __main.o
       352          0          0          0          0         88   __printf_ss_wp.o
        14          0          0          0          0         68   __printf_wp.o
         0          0          0          0          0          0   __rtentry.o
        12          0          0          0          0          0   __rtentry2.o
         6          0          0          0          0          0   __rtentry4.o
        52          8          0          0          0          0   __scatter.o
        26          0          0          0          0          0   __scatter_copy.o
        28          0          0          0          0          0   __scatter_zi.o
        48          6          0          0          0         96   _printf_char_common.o
       120         16          0          0          0         92   _printf_dec.o
       178          0          0          0          0         88   _printf_intcommon.o
         0          0          0          0          0          0   _printf_percent.o
         4          0          0          0          0          0   _printf_percent_end.o
         6          0          0          0          0          0   _printf_u.o
        16          0          0          0          0         68   _snputc.o
        10          0          0          0          0         68   _sputc.o
        16          0          0          0          0         68   aeabi_memset.o
        18          0          0          0          0         80   exit.o
         6          0          0          0          0        152   heapauxi.o
         0          0          0          0          0          0   indicate_semi.o
         2          0          0          0          0          0   libinit.o
         6          0          0          0          0          0   libinit2.o
         2          0          0          0          0          0   libshutdown.o
         2          0          0          0          0          0   libshutdown2.o
         8          4          0          0         96         68   libspace.o
       238          0          0          0          0        100   lludivv7m.o
        52          4          0          0          0         84   noretval__2snprintf.o
        68          0          0          0          0         68   rt_memclr.o
        78          0          0          0          0         80   rt_memclr_w.o
         2          0          0          0          0          0   rtexit.o
        10          0          0          0          0          0   rtexit2.o
        12          4          0          0          0         68   sys_exit.o
        74          0          0          0          0         80   sys_stackheap_outer.o
         2          0          0          0          0         68   use_no_semi.o
        10          0          0          0          0        116   fpinit.o

    ----------------------------------------------------------------------
      1496         42          0          0        100       1668   Library Totals
        10          0          0          0          4          0   (incl. Padding)

    ----------------------------------------------------------------------

      Code (inc. data)   RO Data    RW Data    ZI Data      Debug   Library Name

      1476         42          0          0         96       1552   c_w.l
        10          0          0          0          0        116   fz_wm.l

    ----------------------------------------------------------------------
      1496         42          0          0        100       1668   Library Totals

    ----------------------------------------------------------------------

==============================================================================


      Code (inc. data)   RO Data    RW Data    ZI Data      Debug   

     13618       1026       2626        200       2912     834658   Grand Totals
     13618       1026       2626        200       2912     834658   ELF Image Totals
     13618       1026       2626        200          0          0   ROM Totals

==============================================================================

    Total RO  Size (Code + RO Data)                16244 (  15.86kB)
    Total RW  Size (RW Data + ZI Data)              3112 (   3.04kB)
    Total ROM Size (Code + RO Data + RW Data)      16444 (  16.06kB)

==============================================================================

